2026-03-14 00:35:40 [main] INFO  application.java.manager.LogManager - 備品管理システム : 起動
2026-03-14 00:35:40 [JavaFX Application Thread] INFO  application.java.manager.LogManager - 開始処理 : 画面ウィンドウ枠生成
2026-03-14 00:35:40 [JavaFX Application Thread] INFO  application.java.manager.LogManager - [メニュー画面] ： 初期化処理
2026-03-14 00:35:40 [JavaFX Application Thread] INFO  application.java.manager.LogManager - 画面展開 [setPage] : メニュー画面
2026-03-14 00:53:12 [JavaFX Application Thread] INFO  application.java.manager.LogManager - [SQL操作クラス] ： 非同期処理 スレッドプール作成
2026-03-14 00:53:12 [JavaFX Application Thread] DEBUG application.java.manager.LogManager - [SQL操作クラス] ： 非同期処理 スレッドプール解放
2026-03-14 00:53:12 [JavaFX Application Thread] INFO  application.java.manager.LogManager - 終了処理 : 完了
2026-03-14 00:53:19 [main] INFO  application.java.manager.LogManager - 備品管理システム : 起動
2026-03-14 00:53:19 [JavaFX Application Thread] INFO  application.java.manager.LogManager - 開始処理 : 画面ウィンドウ枠生成
2026-03-14 00:53:19 [JavaFX Application Thread] INFO  application.java.manager.LogManager - [メニュー画面] ： 初期化処理
2026-03-14 00:53:19 [JavaFX Application Thread] INFO  application.java.manager.LogManager - 画面展開 [setPage] : メニュー画面
2026-03-14 00:53:51 [JavaFX Application Thread] INFO  application.java.manager.LogManager - [SQL操作クラス] ： 非同期処理 スレッドプール作成
2026-03-14 00:53:51 [JavaFX Application Thread] DEBUG application.java.manager.LogManager - [SQL操作クラス] ： 非同期処理 スレッドプール解放
2026-03-14 00:53:51 [JavaFX Application Thread] INFO  application.java.manager.LogManager - 終了処理 : 完了
2026-03-14 00:54:41 [main] INFO  application.java.manager.LogManager - 備品管理システム : 起動
2026-03-14 00:54:41 [JavaFX Application Thread] INFO  application.java.manager.LogManager - 開始処理 : 画面ウィンドウ枠生成
2026-03-14 00:54:41 [JavaFX Application Thread] INFO  application.java.manager.LogManager - [メニュー画面] ： 初期化処理
2026-03-14 00:54:41 [JavaFX Application Thread] INFO  application.java.manager.LogManager - 画面展開 [setPage] : メニュー画面
2026-03-14 00:54:45 [JavaFX Application Thread] INFO  application.java.manager.LogManager - [SQL操作クラス] ： 非同期処理 スレッドプール作成
2026-03-14 00:54:45 [JavaFX Application Thread] DEBUG application.java.manager.LogManager - [SQL操作クラス] ： 非同期処理 スレッドプール解放
2026-03-14 00:54:45 [JavaFX Application Thread] INFO  application.java.manager.LogManager - 終了処理 : 完了
2026-03-14 01:41:14 [main] INFO  application.java.manager.LogManager - 備品管理システム : 起動
2026-03-14 01:41:14 [JavaFX Application Thread] INFO  application.java.manager.LogManager - 開始処理 : 画面ウィンドウ枠生成
2026-03-14 01:41:14 [JavaFX Application Thread] INFO  application.java.manager.LogManager - [メニュー画面] ： 初期化処理
2026-03-14 01:41:15 [JavaFX Application Thread] INFO  application.java.manager.LogManager - 画面展開 [setPage] : メニュー画面
2026-03-14 10:08:54 [JavaFX Application Thread] INFO  application.java.manager.LogManager - [SQL操作クラス] ： 非同期処理 スレッドプール作成
2026-03-14 10:08:54 [JavaFX Application Thread] DEBUG application.java.manager.LogManager - [SQL操作クラス] ： 非同期処理 スレッドプール解放
2026-03-14 10:08:54 [JavaFX Application Thread] INFO  application.java.manager.LogManager - 終了処理 : 完了
2026-03-14 12:02:18 [main] INFO  application.java.manager.LogManager - 備品管理システム : 起動
2026-03-14 12:02:18 [JavaFX Application Thread] INFO  application.java.manager.LogManager - 開始処理 : 画面ウィンドウ枠生成
2026-03-14 12:02:18 [JavaFX Application Thread] INFO  application.java.manager.LogManager - [メニュー画面] ： 初期化処理
2026-03-14 12:02:19 [JavaFX Application Thread] INFO  application.java.manager.LogManager - 画面展開 [setPage] : メニュー画面
2026-03-14 12:02:23 [JavaFX Application Thread] INFO  application.java.manager.LogManager - [SQL操作クラス] ： 非同期処理 スレッドプール作成
2026-03-14 12:02:23 [JavaFX Application Thread] DEBUG application.java.manager.LogManager - [SQL操作クラス] ： 非同期処理 スレッドプール解放
2026-03-14 12:02:23 [JavaFX Application Thread] INFO  application.java.manager.LogManager - 終了処理 : 完了
2026-03-14 12:02:36 [main] INFO  application.java.manager.LogManager - 備品管理システム : 起動
2026-03-14 12:02:36 [JavaFX Application Thread] INFO  application.java.manager.LogManager - 開始処理 : 画面ウィンドウ枠生成
2026-03-14 12:02:36 [JavaFX Application Thread] INFO  application.java.manager.LogManager - [メニュー画面] ： 初期化処理
2026-03-14 12:02:36 [JavaFX Application Thread] INFO  application.java.manager.LogManager - 画面展開 [setPage] : メニュー画面
2026-03-14 12:02:39 [JavaFX Application Thread] INFO  application.java.manager.LogManager - [SQL操作クラス] ： 非同期処理 スレッドプール作成
2026-03-14 12:02:39 [JavaFX Application Thread] DEBUG application.java.manager.LogManager - [SQL操作クラス] ： 非同期処理 スレッドプール解放
2026-03-14 12:02:39 [JavaFX Application Thread] INFO  application.java.manager.LogManager - 終了処理 : 完了
2026-03-14 12:02:45 [main] INFO  application.java.manager.LogManager - 備品管理システム : 起動
2026-03-14 12:02:45 [JavaFX Application Thread] INFO  application.java.manager.LogManager - 開始処理 : 画面ウィンドウ枠生成
2026-03-14 12:02:45 [JavaFX Application Thread] INFO  application.java.manager.LogManager - [メニュー画面] ： 初期化処理
2026-03-14 12:02:46 [JavaFX Application Thread] INFO  application.java.manager.LogManager - 画面展開 [setPage] : メニュー画面
2026-03-14 12:02:48 [JavaFX Application Thread] INFO  application.java.manager.LogManager - [SQL操作クラス] ： 非同期処理 スレッドプール作成
2026-03-14 12:02:48 [JavaFX Application Thread] DEBUG application.java.manager.LogManager - [SQL操作クラス] ： 非同期処理 スレッドプール解放
2026-03-14 12:02:48 [JavaFX Application Thread] INFO  application.java.manager.LogManager - 終了処理 : 完了
2026-03-14 12:06:12 [main] INFO  application.java.manager.LogManager - 備品管理システム : 起動
2026-03-14 12:06:12 [JavaFX Application Thread] INFO  application.java.manager.LogManager - 開始処理 : 画面ウィンドウ枠生成
2026-03-14 12:06:12 [JavaFX Application Thread] INFO  application.java.manager.LogManager - [メニュー画面] ： 初期化処理
2026-03-14 12:06:13 [JavaFX Application Thread] INFO  application.java.manager.LogManager - 画面展開 [setPage] : メニュー画面
2026-03-14 12:07:26 [JavaFX Application Thread] INFO  application.java.manager.LogManager - [SQL操作クラス] ： 非同期処理 スレッドプール作成
2026-03-14 12:07:26 [JavaFX Application Thread] DEBUG application.java.manager.LogManager - [SQL操作クラス] ： 非同期処理 スレッドプール解放
2026-03-14 12:07:26 [JavaFX Application Thread] INFO  application.java.manager.LogManager - 終了処理 : 完了
2026-03-14 12:08:33 [main] INFO  application.java.manager.LogManager - 備品管理システム : 起動
2026-03-14 12:08:33 [JavaFX Application Thread] INFO  application.java.manager.LogManager - 開始処理 : 画面ウィンドウ枠生成
2026-03-14 12:08:33 [JavaFX Application Thread] INFO  application.java.manager.LogManager - [メニュー画面] ： 初期化処理
2026-03-14 12:08:33 [JavaFX Application Thread] INFO  application.java.manager.LogManager - 画面展開 [setPage] : メニュー画面
2026-03-14 12:08:36 [JavaFX Application Thread] INFO  application.java.manager.LogManager - [SQL操作クラス] ： 非同期処理 スレッドプール作成
2026-03-14 12:08:36 [JavaFX Application Thread] DEBUG application.java.manager.LogManager - [SQL操作クラス] ： 非同期処理 スレッドプール解放
2026-03-14 12:08:36 [JavaFX Application Thread] INFO  application.java.manager.LogManager - 終了処理 : 完了
2026-03-14 12:10:25 [main] INFO  application.java.manager.LogManager - 備品管理システム : 起動
2026-03-14 12:10:25 [JavaFX Application Thread] INFO  application.java.manager.LogManager - 開始処理 : 画面ウィンドウ枠生成
2026-03-14 12:10:25 [JavaFX Application Thread] INFO  application.java.manager.LogManager - [メニュー画面] ： 初期化処理
2026-03-14 12:10:25 [JavaFX Application Thread] INFO  application.java.manager.LogManager - 画面展開 [setPage] : メニュー画面
2026-03-14 12:10:47 [JavaFX Application Thread] INFO  application.java.manager.LogManager - [SQL操作クラス] ： 非同期処理 スレッドプール作成
2026-03-14 12:10:47 [JavaFX Application Thread] DEBUG application.java.manager.LogManager - [SQL操作クラス] ： 非同期処理 スレッドプール解放
2026-03-14 12:10:47 [JavaFX Application Thread] INFO  application.java.manager.LogManager - 終了処理 : 完了
2026-03-14 12:21:21 [main] INFO  application.java.manager.LogManager - 備品管理システム : 起動
2026-03-14 12:21:21 [JavaFX Application Thread] INFO  application.java.manager.LogManager - 開始処理 : 画面ウィンドウ枠生成
2026-03-14 12:21:21 [JavaFX Application Thread] INFO  application.java.manager.LogManager - [メニュー画面] ： 初期化処理
2026-03-14 12:21:22 [JavaFX Application Thread] INFO  application.java.manager.LogManager - 画面展開 [setPage] : メニュー画面
2026-03-14 12:24:00 [JavaFX Application Thread] INFO  application.java.manager.LogManager - [SQL操作クラス] ： 非同期処理 スレッドプール作成
2026-03-14 12:24:00 [JavaFX Application Thread] DEBUG application.java.manager.LogManager - [SQL操作クラス] ： 非同期処理 スレッドプール解放
2026-03-14 12:24:00 [JavaFX Application Thread] INFO  application.java.manager.LogManager - 終了処理 : 完了
2026-03-14 12:25:29 [main] INFO  application.java.manager.LogManager - 備品管理システム : 起動
2026-03-14 12:25:29 [JavaFX Application Thread] INFO  application.java.manager.LogManager - 開始処理 : 画面ウィンドウ枠生成
2026-03-14 12:25:29 [JavaFX Application Thread] INFO  application.java.manager.LogManager - [メニュー画面] ： 初期化処理
2026-03-14 12:25:30 [JavaFX Application Thread] INFO  application.java.manager.LogManager - 画面展開 [setPage] : メニュー画面
2026-03-14 12:25:38 [JavaFX Application Thread] INFO  application.java.manager.LogManager - [SQL操作クラス] ： 非同期処理 スレッドプール作成
2026-03-14 12:25:38 [JavaFX Application Thread] DEBUG application.java.manager.LogManager - [SQL操作クラス] ： 非同期処理 スレッドプール解放
2026-03-14 12:25:38 [JavaFX Application Thread] INFO  application.java.manager.LogManager - 終了処理 : 完了
2026-03-14 12:32:21 [main] INFO  application.java.manager.LogManager - 備品管理システム : 起動
2026-03-14 12:32:21 [JavaFX Application Thread] INFO  application.java.manager.LogManager - 開始処理 : 画面ウィンドウ枠生成
2026-03-14 12:32:21 [JavaFX Application Thread] INFO  application.java.manager.LogManager - [メニュー画面] ： 初期化処理
2026-03-14 12:32:22 [JavaFX Application Thread] INFO  application.java.manager.LogManager - 画面展開 [setPage] : メニュー画面
2026-03-14 12:32:59 [JavaFX Application Thread] INFO  application.java.manager.LogManager - [SQL操作クラス] ： 非同期処理 スレッドプール作成
2026-03-14 12:32:59 [JavaFX Application Thread] DEBUG application.java.manager.LogManager - [SQL操作クラス] ： 非同期処理 スレッドプール解放
2026-03-14 12:32:59 [JavaFX Application Thread] INFO  application.java.manager.LogManager - 終了処理 : 完了
2026-03-14 12:33:55 [main] INFO  application.java.manager.LogManager - 備品管理システム : 起動
2026-03-14 12:33:55 [JavaFX Application Thread] INFO  application.java.manager.LogManager - 開始処理 : 画面ウィンドウ枠生成
2026-03-14 12:33:55 [JavaFX Application Thread] INFO  application.java.manager.LogManager - [メニュー画面] ： 初期化処理
2026-03-14 12:33:56 [JavaFX Application Thread] INFO  application.java.manager.LogManager - 画面展開 [setPage] : メニュー画面
2026-03-14 12:34:04 [JavaFX Application Thread] INFO  application.java.manager.LogManager - [SQL操作クラス] ： 非同期処理 スレッドプール作成
2026-03-14 12:34:04 [JavaFX Application Thread] DEBUG application.java.manager.LogManager - [SQL操作クラス] ： 非同期処理 スレッドプール解放
2026-03-14 12:34:04 [JavaFX Application Thread] INFO  application.java.manager.LogManager - 終了処理 : 完了
2026-03-14 12:36:04 [main] INFO  application.java.manager.LogManager - 備品管理システム : 起動
2026-03-14 12:36:04 [JavaFX Application Thread] INFO  application.java.manager.LogManager - 開始処理 : 画面ウィンドウ枠生成
2026-03-14 12:36:04 [JavaFX Application Thread] INFO  application.java.manager.LogManager - [メニュー画面] ： 初期化処理
2026-03-14 12:36:05 [JavaFX Application Thread] INFO  application.java.manager.LogManager - 画面展開 [setPage] : メニュー画面
2026-03-14 12:36:26 [JavaFX Application Thread] INFO  application.java.manager.LogManager - [SQL操作クラス] ： 非同期処理 スレッドプール作成
2026-03-14 12:36:26 [JavaFX Application Thread] DEBUG application.java.manager.LogManager - [SQL操作クラス] ： 非同期処理 スレッドプール解放
2026-03-14 12:36:26 [JavaFX Application Thread] INFO  application.java.manager.LogManager - 終了処理 : 完了
2026-03-14 12:47:50 [main] INFO  application.java.manager.LogManager - 備品管理システム : 起動
2026-03-14 12:47:50 [JavaFX Application Thread] INFO  application.java.manager.LogManager - 開始処理 : 画面ウィンドウ枠生成
2026-03-14 12:47:50 [JavaFX Application Thread] INFO  application.java.manager.LogManager - [メニュー画面] ： 初期化処理
2026-03-14 12:47:50 [JavaFX Application Thread] INFO  application.java.manager.LogManager - 画面展開 [setPage] : メニュー画面
2026-03-14 12:48:02 [JavaFX Application Thread] INFO  application.java.manager.LogManager - [SQL操作クラス] ： 非同期処理 スレッドプール作成
2026-03-14 12:48:02 [JavaFX Application Thread] DEBUG application.java.manager.LogManager - [SQL操作クラス] ： 非同期処理 スレッドプール解放
2026-03-14 12:48:02 [JavaFX Application Thread] INFO  application.java.manager.LogManager - 終了処理 : 完了
2026-03-14 12:48:21 [main] INFO  application.java.manager.LogManager - 備品管理システム : 起動
2026-03-14 12:48:21 [JavaFX Application Thread] INFO  application.java.manager.LogManager - 開始処理 : 画面ウィンドウ枠生成
2026-03-14 12:48:21 [JavaFX Application Thread] INFO  application.java.manager.LogManager - [メニュー画面] ： 初期化処理
2026-03-14 12:48:21 [JavaFX Application Thread] INFO  application.java.manager.LogManager - 画面展開 [setPage] : メニュー画面
2026-03-14 12:48:44 [JavaFX Application Thread] INFO  application.java.manager.LogManager - [SQL操作クラス] ： 非同期処理 スレッドプール作成
2026-03-14 12:48:44 [JavaFX Application Thread] DEBUG application.java.manager.LogManager - [SQL操作クラス] ： 非同期処理 スレッドプール解放
2026-03-14 12:48:44 [JavaFX Application Thread] INFO  application.java.manager.LogManager - 終了処理 : 完了
2026-03-14 12:54:39 [main] INFO  application.java.manager.LogManager - 備品管理システム : 起動
2026-03-14 12:54:39 [JavaFX Application Thread] INFO  application.java.manager.LogManager - 開始処理 : 画面ウィンドウ枠生成
2026-03-14 12:54:39 [JavaFX Application Thread] INFO  application.java.manager.LogManager - [メニュー画面] ： 初期化処理
2026-03-14 12:54:39 [JavaFX Application Thread] INFO  application.java.manager.LogManager - 画面展開 [setPage] : メニュー画面
2026-03-14 12:54:47 [JavaFX Application Thread] INFO  application.java.manager.LogManager - [SQL操作クラス] ： 非同期処理 スレッドプール作成
2026-03-14 12:54:47 [JavaFX Application Thread] DEBUG application.java.manager.LogManager - [SQL操作クラス] ： 非同期処理 スレッドプール解放
2026-03-14 12:54:47 [JavaFX Application Thread] INFO  application.java.manager.LogManager - 終了処理 : 完了
2026-03-14 14:11:25 [main] INFO  application.java.manager.LogManager - 備品管理システム : 起動
2026-03-14 14:11:25 [JavaFX Application Thread] INFO  application.java.manager.LogManager - 開始処理 : 画面ウィンドウ枠生成
2026-03-14 14:11:25 [JavaFX Application Thread] INFO  application.java.manager.LogManager - [メニュー画面] ： 初期化処理
2026-03-14 14:11:25 [JavaFX Application Thread] INFO  application.java.manager.LogManager - 画面展開 [setPage] : メニュー画面
2026-03-14 14:11:30 [JavaFX Application Thread] INFO  application.java.manager.LogManager - [SQL操作クラス] ： 非同期処理 スレッドプール作成
2026-03-14 14:11:30 [JavaFX Application Thread] DEBUG application.java.manager.LogManager - [SQL操作クラス] ： 非同期処理 スレッドプール解放
2026-03-14 14:11:30 [JavaFX Application Thread] INFO  application.java.manager.LogManager - 終了処理 : 完了
2026-03-14 14:12:21 [main] INFO  application.java.manager.LogManager - 備品管理システム : 起動
2026-03-14 14:12:21 [JavaFX Application Thread] INFO  application.java.manager.LogManager - 開始処理 : 画面ウィンドウ枠生成
2026-03-14 14:12:21 [JavaFX Application Thread] INFO  application.java.manager.LogManager - [メニュー画面] ： 初期化処理
2026-03-14 14:12:21 [JavaFX Application Thread] INFO  application.java.manager.LogManager - 画面展開 [setPage] : メニュー画面
2026-03-14 14:12:35 [JavaFX Application Thread] INFO  application.java.manager.LogManager - [SQL操作クラス] ： 非同期処理 スレッドプール作成
2026-03-14 14:12:35 [JavaFX Application Thread] DEBUG application.java.manager.LogManager - [SQL操作クラス] ： 非同期処理 スレッドプール解放
2026-03-14 14:12:35 [JavaFX Application Thread] INFO  application.java.manager.LogManager - 終了処理 : 完了
2026-03-14 14:13:28 [main] INFO  application.java.manager.LogManager - 備品管理システム : 起動
2026-03-14 14:13:28 [JavaFX Application Thread] INFO  application.java.manager.LogManager - 開始処理 : 画面ウィンドウ枠生成
2026-03-14 14:13:28 [JavaFX Application Thread] INFO  application.java.manager.LogManager - [メニュー画面] ： 初期化処理
2026-03-14 14:13:28 [JavaFX Application Thread] INFO  application.java.manager.LogManager - 画面展開 [setPage] : メニュー画面
2026-03-14 14:13:38 [JavaFX Application Thread] INFO  application.java.manager.LogManager - [SQL操作クラス] ： 非同期処理 スレッドプール作成
2026-03-14 14:13:38 [JavaFX Application Thread] DEBUG application.java.manager.LogManager - [SQL操作クラス] ： 非同期処理 スレッドプール解放
2026-03-14 14:13:38 [JavaFX Application Thread] INFO  application.java.manager.LogManager - 終了処理 : 完了
2026-03-14 15:17:08 [main] INFO  application.java.manager.LogManager - 備品管理システム : 起動
2026-03-14 15:17:08 [JavaFX Application Thread] INFO  application.java.manager.LogManager - 開始処理 : 画面ウィンドウ枠生成
2026-03-14 15:17:08 [JavaFX Application Thread] INFO  application.java.manager.LogManager - [メニュー画面] ： 初期化処理
2026-03-14 15:17:08 [JavaFX Application Thread] DEBUG application.java.manager.LogManager - Window切替 [setWindowFrame] : TRANSPARENT(透明枠・背景色透明)
2026-03-14 15:17:08 [JavaFX Application Thread] INFO  application.java.manager.LogManager - 画面展開 [setPage] : メニュー画面
2026-03-14 15:17:28 [JavaFX Application Thread] INFO  application.java.manager.LogManager - [SQL操作クラス] ： 非同期処理 スレッドプール作成
2026-03-14 15:17:28 [JavaFX Application Thread] DEBUG application.java.manager.LogManager - [SQL操作クラス] ： 非同期処理 スレッドプール解放
2026-03-14 15:17:28 [JavaFX Application Thread] INFO  application.java.manager.LogManager - 終了処理 : 完了
2026-03-14 15:22:31 [main] INFO  application.java.manager.LogManager - 備品管理システム : 起動
2026-03-14 15:22:31 [JavaFX Application Thread] INFO  application.java.manager.LogManager - 開始処理 : 画面ウィンドウ枠生成
2026-03-14 15:22:31 [JavaFX Application Thread] INFO  application.java.manager.LogManager - [メニュー画面] ： 初期化処理
2026-03-14 15:22:31 [JavaFX Application Thread] DEBUG application.java.manager.LogManager - Window切替 [setWindowFrame] : TRANSPARENT(透明枠・背景色透明)
2026-03-14 15:22:31 [JavaFX Application Thread] INFO  application.java.manager.LogManager - 画面展開 [setPage] : メニュー画面
2026-03-14 15:22:36 [JavaFX Application Thread] INFO  application.java.manager.LogManager - [SQL操作クラス] ： 非同期処理 スレッドプール作成
2026-03-14 15:22:36 [JavaFX Application Thread] DEBUG application.java.manager.LogManager - [SQL操作クラス] ： 非同期処理 スレッドプール解放
2026-03-14 15:22:36 [JavaFX Application Thread] INFO  application.java.manager.LogManager - 終了処理 : 完了
2026-03-14 15:30:35 [main] INFO  application.java.manager.LogManager - 備品管理システム : 起動
2026-03-14 15:30:35 [JavaFX Application Thread] INFO  application.java.manager.LogManager - 開始処理 : 画面ウィンドウ枠生成
2026-03-14 15:30:35 [JavaFX Application Thread] INFO  application.java.manager.LogManager - [メニュー画面] ： 初期化処理
2026-03-14 15:30:35 [JavaFX Application Thread] DEBUG application.java.manager.LogManager - Window切替 [setWindowFrame] : TRANSPARENT(透明枠・背景色透明)
2026-03-14 15:30:35 [JavaFX Application Thread] INFO  application.java.manager.LogManager - 画面展開 [setPage] : メニュー画面
2026-03-14 15:30:45 [JavaFX Application Thread] INFO  application.java.manager.LogManager - [SQL操作クラス] ： 非同期処理 スレッドプール作成
2026-03-14 15:30:45 [JavaFX Application Thread] DEBUG application.java.manager.LogManager - [SQL操作クラス] ： 非同期処理 スレッドプール解放
2026-03-14 15:30:45 [JavaFX Application Thread] INFO  application.java.manager.LogManager - 終了処理 : 完了
2026-03-14 15:40:47 [main] INFO  application.java.manager.LogManager - 備品管理システム : 起動
2026-03-14 15:40:47 [JavaFX Application Thread] INFO  application.java.manager.LogManager - 開始処理 : 画面ウィンドウ枠生成
2026-03-14 15:40:47 [JavaFX Application Thread] INFO  application.java.manager.LogManager - [メニュー画面] ： 初期化処理
2026-03-14 15:40:47 [JavaFX Application Thread] DEBUG application.java.manager.LogManager - Window切替 [setWindowFrame] : TRANSPARENT(透明枠・背景色透明)
2026-03-14 15:40:47 [JavaFX Application Thread] INFO  application.java.manager.LogManager - 画面展開 [setPage] : メニュー画面
2026-03-14 15:40:53 [JavaFX Application Thread] INFO  application.java.manager.LogManager - [SQL操作クラス] ： 非同期処理 スレッドプール作成
2026-03-14 15:40:53 [JavaFX Application Thread] DEBUG application.java.manager.LogManager - [SQL操作クラス] ： 非同期処理 スレッドプール解放
2026-03-14 15:40:53 [JavaFX Application Thread] INFO  application.java.manager.LogManager - 終了処理 : 完了
2026-03-14 15:48:00 [main] INFO  application.java.manager.LogManager - 備品管理システム : 起動
2026-03-14 15:48:00 [JavaFX Application Thread] INFO  application.java.manager.LogManager - 開始処理 : 画面ウィンドウ枠生成
2026-03-14 15:48:00 [JavaFX Application Thread] INFO  application.java.manager.LogManager - [メニュー画面] ： 初期化処理
2026-03-14 15:48:00 [JavaFX Application Thread] DEBUG application.java.manager.LogManager - Window切替 [setWindowFrame] : TRANSPARENT(透明枠・背景色透明)
2026-03-14 15:48:00 [JavaFX Application Thread] INFO  application.java.manager.LogManager - 画面展開 [setPage] : メニュー画面
2026-03-14 15:48:20 [JavaFX Application Thread] INFO  application.java.manager.LogManager - [SQL操作クラス] ： 非同期処理 スレッドプール作成
2026-03-14 15:48:20 [JavaFX Application Thread] DEBUG application.java.manager.LogManager - [SQL操作クラス] ： 非同期処理 スレッドプール解放
2026-03-14 15:48:20 [JavaFX Application Thread] INFO  application.java.manager.LogManager - 終了処理 : 完了
2026-03-14 15:56:42 [main] INFO  application.java.manager.LogManager - 備品管理システム : 起動
2026-03-14 15:56:42 [JavaFX Application Thread] INFO  application.java.manager.LogManager - 開始処理 : 画面ウィンドウ枠生成
2026-03-14 15:56:42 [JavaFX Application Thread] INFO  application.java.manager.LogManager - [メニュー画面] ： 初期化処理
2026-03-14 15:56:42 [JavaFX Application Thread] DEBUG application.java.manager.LogManager - Window切替 [setWindowFrame] : TRANSPARENT(透明枠・背景色透明)
2026-03-14 15:56:43 [JavaFX Application Thread] INFO  application.java.manager.LogManager - 画面展開 [setPage] : メニュー画面
2026-03-14 15:56:50 [JavaFX Application Thread] INFO  application.java.manager.LogManager - [SQL操作クラス] ： 非同期処理 スレッドプール作成
2026-03-14 15:56:50 [JavaFX Application Thread] DEBUG application.java.manager.LogManager - [SQL操作クラス] ： 非同期処理 スレッドプール解放
2026-03-14 15:56:50 [JavaFX Application Thread] INFO  application.java.manager.LogManager - 終了処理 : 完了
2026-03-14 15:56:59 [main] INFO  application.java.manager.LogManager - 備品管理システム : 起動
2026-03-14 15:56:59 [JavaFX Application Thread] INFO  application.java.manager.LogManager - 開始処理 : 画面ウィンドウ枠生成
2026-03-14 15:56:59 [JavaFX Application Thread] INFO  application.java.manager.LogManager - [メニュー画面] ： 初期化処理
2026-03-14 15:56:59 [JavaFX Application Thread] DEBUG application.java.manager.LogManager - Window切替 [setWindowFrame] : TRANSPARENT(透明枠・背景色透明)
2026-03-14 15:57:00 [JavaFX Application Thread] INFO  application.java.manager.LogManager - 画面展開 [setPage] : メニュー画面
2026-03-14 15:57:36 [JavaFX Application Thread] INFO  application.java.manager.LogManager - [SQL操作クラス] ： 非同期処理 スレッドプール作成
2026-03-14 15:57:36 [JavaFX Application Thread] DEBUG application.java.manager.LogManager - [SQL操作クラス] ： 非同期処理 スレッドプール解放
2026-03-14 15:57:36 [JavaFX Application Thread] INFO  application.java.manager.LogManager - 終了処理 : 完了
2026-03-14 16:03:44 [main] INFO  application.java.manager.LogManager - 備品管理システム : 起動
2026-03-14 16:03:44 [JavaFX Application Thread] INFO  application.java.manager.LogManager - 開始処理 : 画面ウィンドウ枠生成
2026-03-14 16:03:44 [JavaFX Application Thread] INFO  application.java.manager.LogManager - [メニュー画面] ： 初期化処理
2026-03-14 16:03:44 [JavaFX Application Thread] DEBUG application.java.manager.LogManager - Window切替 [setWindowFrame] : TRANSPARENT(透明枠・背景色透明)
2026-03-14 16:03:44 [JavaFX Application Thread] INFO  application.java.manager.LogManager - 画面展開 [setPage] : メニュー画面
2026-03-14 16:04:53 [JavaFX Application Thread] INFO  application.java.manager.LogManager - [SQL操作クラス] ： 非同期処理 スレッドプール作成
2026-03-14 16:04:53 [JavaFX Application Thread] DEBUG application.java.manager.LogManager - [SQL操作クラス] ： 非同期処理 スレッドプール解放
2026-03-14 16:04:53 [JavaFX Application Thread] INFO  application.java.manager.LogManager - 終了処理 : 完了
2026-03-14 16:06:51 [main] INFO  application.java.manager.LogManager - 備品管理システム : 起動
2026-03-14 16:06:51 [JavaFX Application Thread] INFO  application.java.manager.LogManager - 開始処理 : 画面ウィンドウ枠生成
2026-03-14 16:06:51 [JavaFX Application Thread] INFO  application.java.manager.LogManager - [メニュー画面] ： 初期化処理
2026-03-14 16:06:51 [JavaFX Application Thread] DEBUG application.java.manager.LogManager - Window切替 [setWindowFrame] : TRANSPARENT(透明枠・背景色透明)
2026-03-14 16:06:51 [JavaFX Application Thread] INFO  application.java.manager.LogManager - 画面展開 [setPage] : メニュー画面
2026-03-14 16:07:27 [JavaFX Application Thread] INFO  application.java.manager.LogManager - [SQL操作クラス] ： 非同期処理 スレッドプール作成
2026-03-14 16:07:27 [JavaFX Application Thread] DEBUG application.java.manager.LogManager - [SQL操作クラス] ： 非同期処理 スレッドプール解放
2026-03-14 16:07:27 [JavaFX Application Thread] INFO  application.java.manager.LogManager - 終了処理 : 完了
2026-03-14 16:38:56 [main] INFO  application.java.manager.LogManager - 備品管理システム : 起動
2026-03-14 16:38:57 [JavaFX Application Thread] INFO  application.java.manager.LogManager - 開始処理 : 画面ウィンドウ枠生成
2026-03-14 16:38:57 [JavaFX Application Thread] INFO  application.java.manager.LogManager - [メニュー画面] ： 初期化処理
2026-03-14 16:38:57 [JavaFX Application Thread] DEBUG application.java.manager.LogManager - Window切替 [setWindowFrame] : TRANSPARENT(透明枠・背景色透明)
2026-03-14 16:38:57 [JavaFX Application Thread] INFO  application.java.manager.LogManager - 画面展開 [setPage] : メニュー画面
2026-03-14 16:39:20 [JavaFX Application Thread] INFO  application.java.manager.LogManager - [SQL操作クラス] ： 非同期処理 スレッドプール作成
2026-03-14 16:39:20 [JavaFX Application Thread] DEBUG application.java.manager.LogManager - [SQL操作クラス] ： 非同期処理 スレッドプール解放
2026-03-14 16:39:20 [JavaFX Application Thread] INFO  application.java.manager.LogManager - 終了処理 : 完了
2026-03-14 16:49:30 [main] INFO  application.java.manager.LogManager - 備品管理システム : 起動
2026-03-14 16:49:30 [JavaFX Application Thread] INFO  application.java.manager.LogManager - 開始処理 : 画面ウィンドウ枠生成
2026-03-14 16:49:30 [JavaFX Application Thread] INFO  application.java.manager.LogManager - [メニュー画面] ： 初期化処理
2026-03-14 16:49:30 [JavaFX Application Thread] DEBUG application.java.manager.LogManager - Window切替 [setWindowFrame] : TRANSPARENT(透明枠・背景色透明)
2026-03-14 16:49:30 [JavaFX Application Thread] INFO  application.java.manager.LogManager - 画面展開 [setPage] : メニュー画面
2026-03-14 16:52:34 [JavaFX Application Thread] INFO  application.java.manager.LogManager - [SQL操作クラス] ： 非同期処理 スレッドプール作成
2026-03-14 16:52:34 [JavaFX Application Thread] DEBUG application.java.manager.LogManager - [SQL操作クラス] ： 非同期処理 スレッドプール解放
2026-03-14 16:52:34 [JavaFX Application Thread] INFO  application.java.manager.LogManager - 終了処理 : 完了
2026-03-14 17:11:00 [main] INFO  application.java.manager.LogManager - 備品管理システム : 起動
2026-03-14 17:11:00 [JavaFX Application Thread] INFO  application.java.manager.LogManager - 開始処理 : 画面ウィンドウ枠生成
2026-03-14 17:11:00 [JavaFX Application Thread] INFO  application.java.manager.LogManager - [メニュー画面] ： 初期化処理
2026-03-14 17:11:00 [JavaFX Application Thread] DEBUG application.java.manager.LogManager - Window切替 [setWindowFrame] : TRANSPARENT(透明枠・背景色透明)
2026-03-14 17:11:01 [JavaFX Application Thread] INFO  application.java.manager.LogManager - 画面展開 [setPage] : メニュー画面
2026-03-14 17:17:06 [JavaFX Application Thread] INFO  application.java.manager.LogManager - [SQL操作クラス] ： 非同期処理 スレッドプール作成
2026-03-14 17:17:06 [JavaFX Application Thread] DEBUG application.java.manager.LogManager - [SQL操作クラス] ： 非同期処理 スレッドプール解放
2026-03-14 17:17:06 [JavaFX Application Thread] INFO  application.java.manager.LogManager - 終了処理 : 完了
2026-03-14 17:42:21 [main] INFO  application.java.manager.LogManager - 備品管理システム : 起動
2026-03-14 17:42:21 [JavaFX Application Thread] INFO  application.java.manager.LogManager - 開始処理 : 画面ウィンドウ枠生成
2026-03-14 17:42:21 [JavaFX Application Thread] INFO  application.java.manager.LogManager - [メニュー画面] ： 初期化処理
2026-03-14 17:42:21 [JavaFX Application Thread] DEBUG application.java.manager.LogManager - Window切替 [setWindowFrame] : TRANSPARENT(透明枠・背景色透明)
2026-03-14 17:42:21 [JavaFX Application Thread] INFO  application.java.manager.LogManager - 画面展開 [setPage] : メニュー画面
2026-03-14 17:42:33 [JavaFX Application Thread] INFO  application.java.manager.LogManager - [SQL操作クラス] ： 非同期処理 スレッドプール作成
2026-03-14 17:42:33 [JavaFX Application Thread] DEBUG application.java.manager.LogManager - [SQL操作クラス] ： 非同期処理 スレッドプール解放
2026-03-14 17:42:33 [JavaFX Application Thread] INFO  application.java.manager.LogManager - 終了処理 : 完了
2026-03-14 17:54:12 [main] INFO  application.java.manager.LogManager - 備品管理システム : 起動
2026-03-14 17:54:12 [JavaFX Application Thread] INFO  application.java.manager.LogManager - 開始処理 : 画面ウィンドウ枠生成
2026-03-14 17:54:12 [JavaFX Application Thread] INFO  application.java.manager.LogManager - [メニュー画面] ： 初期化処理
2026-03-14 17:54:12 [JavaFX Application Thread] DEBUG application.java.manager.LogManager - Window切替 [setWindowFrame] : TRANSPARENT(透明枠・背景色透明)
2026-03-14 17:54:12 [JavaFX Application Thread] INFO  application.java.manager.LogManager - 画面展開 [setPage] : メニュー画面
2026-03-14 17:55:07 [JavaFX Application Thread] INFO  application.java.manager.LogManager - [SQL操作クラス] ： 非同期処理 スレッドプール作成
2026-03-14 17:55:07 [JavaFX Application Thread] DEBUG application.java.manager.LogManager - [SQL操作クラス] ： 非同期処理 スレッドプール解放
2026-03-14 17:55:07 [JavaFX Application Thread] INFO  application.java.manager.LogManager - 終了処理 : 完了
2026-03-14 17:55:13 [main] INFO  application.java.manager.LogManager - 備品管理システム : 起動
2026-03-14 17:55:13 [JavaFX Application Thread] INFO  application.java.manager.LogManager - 開始処理 : 画面ウィンドウ枠生成
2026-03-14 17:55:13 [JavaFX Application Thread] INFO  application.java.manager.LogManager - [メニュー画面] ： 初期化処理
2026-03-14 17:55:13 [JavaFX Application Thread] DEBUG application.java.manager.LogManager - Window切替 [setWindowFrame] : TRANSPARENT(透明枠・背景色透明)
2026-03-14 17:55:13 [JavaFX Application Thread] INFO  application.java.manager.LogManager - 画面展開 [setPage] : メニュー画面
2026-03-14 17:56:21 [JavaFX Application Thread] INFO  application.java.manager.LogManager - [SQL操作クラス] ： 非同期処理 スレッドプール作成
2026-03-14 17:56:21 [JavaFX Application Thread] DEBUG application.java.manager.LogManager - [SQL操作クラス] ： 非同期処理 スレッドプール解放
2026-03-14 17:56:21 [JavaFX Application Thread] INFO  application.java.manager.LogManager - 終了処理 : 完了
2026-03-14 18:05:57 [main] INFO  application.java.manager.LogManager - 備品管理システム : 起動
2026-03-14 18:05:57 [JavaFX Application Thread] INFO  application.java.manager.LogManager - 開始処理 : 画面ウィンドウ枠生成
2026-03-14 18:05:57 [JavaFX Application Thread] INFO  application.java.manager.LogManager - [メニュー画面] ： 初期化処理
2026-03-14 18:05:57 [JavaFX Application Thread] DEBUG application.java.manager.LogManager - Window切替 [setWindowFrame] : TRANSPARENT(透明枠・背景色透明)
2026-03-14 18:05:57 [JavaFX Application Thread] INFO  application.java.manager.LogManager - 画面展開 [setPage] : メニュー画面
2026-03-14 18:06:15 [JavaFX Application Thread] INFO  application.java.manager.LogManager - [SQL操作クラス] ： 非同期処理 スレッドプール作成
2026-03-14 18:06:15 [JavaFX Application Thread] DEBUG application.java.manager.LogManager - [SQL操作クラス] ： 非同期処理 スレッドプール解放
2026-03-14 18:06:15 [JavaFX Application Thread] INFO  application.java.manager.LogManager - 終了処理 : 完了
2026-03-14 18:08:32 [main] INFO  application.java.manager.LogManager - 備品管理システム : 起動
2026-03-14 18:08:32 [JavaFX Application Thread] INFO  application.java.manager.LogManager - 開始処理 : 画面ウィンドウ枠生成
2026-03-14 18:08:32 [JavaFX Application Thread] INFO  application.java.manager.LogManager - [メニュー画面] ： 初期化処理
2026-03-14 18:08:32 [JavaFX Application Thread] DEBUG application.java.manager.LogManager - Window切替 [setWindowFrame] : TRANSPARENT(透明枠・背景色透明)
2026-03-14 18:08:32 [JavaFX Application Thread] INFO  application.java.manager.LogManager - 画面展開 [setPage] : メニュー画面
2026-03-14 18:08:47 [JavaFX Application Thread] INFO  application.java.manager.LogManager - [SQL操作クラス] ： 非同期処理 スレッドプール作成
2026-03-14 18:08:47 [JavaFX Application Thread] DEBUG application.java.manager.LogManager - [SQL操作クラス] ： 非同期処理 スレッドプール解放
2026-03-14 18:08:47 [JavaFX Application Thread] INFO  application.java.manager.LogManager - 終了処理 : 完了
2026-03-14 18:09:04 [main] INFO  application.java.manager.LogManager - 備品管理システム : 起動
2026-03-14 18:09:04 [JavaFX Application Thread] INFO  application.java.manager.LogManager - 開始処理 : 画面ウィンドウ枠生成
2026-03-14 18:09:04 [JavaFX Application Thread] INFO  application.java.manager.LogManager - [メニュー画面] ： 初期化処理
2026-03-14 18:09:04 [JavaFX Application Thread] DEBUG application.java.manager.LogManager - Window切替 [setWindowFrame] : TRANSPARENT(透明枠・背景色透明)
2026-03-14 18:09:05 [JavaFX Application Thread] INFO  application.java.manager.LogManager - 画面展開 [setPage] : メニュー画面
2026-03-14 18:14:43 [JavaFX Application Thread] INFO  application.java.manager.LogManager - [SQL操作クラス] ： 非同期処理 スレッドプール作成
2026-03-14 18:14:43 [JavaFX Application Thread] DEBUG application.java.manager.LogManager - [SQL操作クラス] ： 非同期処理 スレッドプール解放
2026-03-14 18:14:43 [JavaFX Application Thread] INFO  application.java.manager.LogManager - 終了処理 : 完了
2026-03-14 18:18:28 [main] INFO  application.java.manager.LogManager - 備品管理システム : 起動
2026-03-14 18:18:28 [JavaFX Application Thread] INFO  application.java.manager.LogManager - 開始処理 : 画面ウィンドウ枠生成
2026-03-14 18:18:28 [JavaFX Application Thread] INFO  application.java.manager.LogManager - [メニュー画面] ： 初期化処理
2026-03-14 18:18:28 [JavaFX Application Thread] DEBUG application.java.manager.LogManager - Window切替 [setWindowFrame] : TRANSPARENT(透明枠・背景色透明)
2026-03-14 18:18:28 [JavaFX Application Thread] INFO  application.java.manager.LogManager - 画面展開 [setPage] : メニュー画面
2026-03-14 18:23:08 [JavaFX Application Thread] INFO  application.java.manager.LogManager - [SQL操作クラス] ： 非同期処理 スレッドプール作成
2026-03-14 18:23:08 [JavaFX Application Thread] DEBUG application.java.manager.LogManager - [SQL操作クラス] ： 非同期処理 スレッドプール解放
2026-03-14 18:23:08 [JavaFX Application Thread] INFO  application.java.manager.LogManager - 終了処理 : 完了
2026-03-14 18:23:12 [main] INFO  application.java.manager.LogManager - 備品管理システム : 起動
2026-03-14 18:23:12 [JavaFX Application Thread] INFO  application.java.manager.LogManager - 開始処理 : 画面ウィンドウ枠生成
2026-03-14 18:23:12 [JavaFX Application Thread] INFO  application.java.manager.LogManager - [メニュー画面] ： 初期化処理
2026-03-14 18:23:12 [JavaFX Application Thread] DEBUG application.java.manager.LogManager - Window切替 [setWindowFrame] : TRANSPARENT(透明枠・背景色透明)
2026-03-14 18:23:12 [JavaFX Application Thread] INFO  application.java.manager.LogManager - 画面展開 [setPage] : メニュー画面
2026-03-14 18:24:30 [JavaFX Application Thread] INFO  application.java.manager.LogManager - [SQL操作クラス] ： 非同期処理 スレッドプール作成
2026-03-14 18:24:30 [JavaFX Application Thread] DEBUG application.java.manager.LogManager - [SQL操作クラス] ： 非同期処理 スレッドプール解放
2026-03-14 18:24:30 [JavaFX Application Thread] INFO  application.java.manager.LogManager - 終了処理 : 完了
2026-03-14 18:43:10 [main] INFO  application.java.manager.LogManager - 備品管理システム : 起動
2026-03-14 18:43:10 [JavaFX Application Thread] INFO  application.java.manager.LogManager - 開始処理 : 画面ウィンドウ枠生成
2026-03-14 18:43:10 [JavaFX Application Thread] INFO  application.java.manager.LogManager - [メニュー画面] ： 初期化処理
2026-03-14 18:43:10 [JavaFX Application Thread] DEBUG application.java.manager.LogManager - Window切替 [setWindowFrame] : TRANSPARENT(透明枠・背景色透明)
2026-03-14 18:43:10 [JavaFX Application Thread] INFO  application.java.manager.LogManager - 画面展開 [setPage] : メニュー画面
2026-03-14 18:43:34 [JavaFX Application Thread] INFO  application.java.manager.LogManager - [SQL操作クラス] ： 非同期処理 スレッドプール作成
2026-03-14 18:43:34 [JavaFX Application Thread] DEBUG application.java.manager.LogManager - [SQL操作クラス] ： 非同期処理 スレッドプール解放
2026-03-14 18:43:34 [JavaFX Application Thread] INFO  application.java.manager.LogManager - 終了処理 : 完了
2026-03-14 18:44:08 [main] INFO  application.java.manager.LogManager - 備品管理システム : 起動
2026-03-14 18:44:08 [JavaFX Application Thread] INFO  application.java.manager.LogManager - 開始処理 : 画面ウィンドウ枠生成
2026-03-14 18:44:08 [JavaFX Application Thread] INFO  application.java.manager.LogManager - [メニュー画面] ： 初期化処理
2026-03-14 18:44:08 [JavaFX Application Thread] DEBUG application.java.manager.LogManager - Window切替 [setWindowFrame] : TRANSPARENT(透明枠・背景色透明)
2026-03-14 18:44:08 [JavaFX Application Thread] INFO  application.java.manager.LogManager - 画面展開 [setPage] : メニュー画面
2026-03-14 18:44:20 [JavaFX Application Thread] INFO  application.java.manager.LogManager - [SQL操作クラス] ： 非同期処理 スレッドプール作成
2026-03-14 18:44:20 [JavaFX Application Thread] DEBUG application.java.manager.LogManager - [SQL操作クラス] ： 非同期処理 スレッドプール解放
2026-03-14 18:44:20 [JavaFX Application Thread] INFO  application.java.manager.LogManager - 終了処理 : 完了
2026-03-14 18:50:35 [main] INFO  application.java.manager.LogManager - 備品管理システム : 起動
2026-03-14 18:50:35 [JavaFX Application Thread] INFO  application.java.manager.LogManager - 開始処理 : 画面ウィンドウ枠生成
2026-03-14 18:50:35 [JavaFX Application Thread] INFO  application.java.manager.LogManager - [メニュー画面] ： 初期化処理
2026-03-14 18:50:35 [JavaFX Application Thread] DEBUG application.java.manager.LogManager - Window切替 [setWindowFrame] : TRANSPARENT(透明枠・背景色透明)
2026-03-14 18:50:35 [JavaFX Application Thread] INFO  application.java.manager.LogManager - 画面展開 [setPage] : メニュー画面
2026-03-14 18:51:07 [JavaFX Application Thread] INFO  application.java.manager.LogManager - [SQL操作クラス] ： 非同期処理 スレッドプール作成
2026-03-14 18:51:07 [JavaFX Application Thread] DEBUG application.java.manager.LogManager - [SQL操作クラス] ： 非同期処理 スレッドプール解放
2026-03-14 18:51:07 [JavaFX Application Thread] INFO  application.java.manager.LogManager - 終了処理 : 完了
2026-03-14 19:01:11 [main] INFO  application.java.manager.LogManager - 備品管理システム : 起動
2026-03-14 19:01:11 [JavaFX Application Thread] INFO  application.java.manager.LogManager - 開始処理 : 画面ウィンドウ枠生成
2026-03-14 19:01:11 [JavaFX Application Thread] INFO  application.java.manager.LogManager - [メニュー画面] ： 初期化処理
2026-03-14 19:01:11 [JavaFX Application Thread] DEBUG application.java.manager.LogManager - Window切替 [setWindowFrame] : TRANSPARENT(透明枠・背景色透明)
2026-03-14 19:01:11 [JavaFX Application Thread] INFO  application.java.manager.LogManager - 画面展開 [setPage] : メニュー画面
2026-03-14 19:01:51 [JavaFX Application Thread] INFO  application.java.manager.LogManager - [SQL操作クラス] ： 非同期処理 スレッドプール作成
2026-03-14 19:01:51 [JavaFX Application Thread] DEBUG application.java.manager.LogManager - [SQL操作クラス] ： 非同期処理 スレッドプール解放
2026-03-14 19:01:51 [JavaFX Application Thread] INFO  application.java.manager.LogManager - 終了処理 : 完了
2026-03-14 19:19:12 [main] INFO  application.java.manager.LogManager - 備品管理システム : 起動
2026-03-14 19:19:12 [JavaFX Application Thread] INFO  application.java.manager.LogManager - 開始処理 : 画面ウィンドウ枠生成
2026-03-14 19:19:12 [JavaFX Application Thread] INFO  application.java.manager.LogManager - [メニュー画面] ： 初期化処理
2026-03-14 19:19:12 [JavaFX Application Thread] DEBUG application.java.manager.LogManager - Window切替 [setWindowFrame] : TRANSPARENT(透明枠・背景色透明)
2026-03-14 19:19:13 [JavaFX Application Thread] INFO  application.java.manager.LogManager - 画面展開 [setPage] : メニュー画面
2026-03-14 19:19:54 [JavaFX Application Thread] INFO  application.java.manager.LogManager - [SQL操作クラス] ： 非同期処理 スレッドプール作成
2026-03-14 19:19:54 [JavaFX Application Thread] DEBUG application.java.manager.LogManager - [SQL操作クラス] ： 非同期処理 スレッドプール解放
2026-03-14 19:19:54 [JavaFX Application Thread] INFO  application.java.manager.LogManager - 終了処理 : 完了
2026-03-14 19:22:20 [main] INFO  application.java.manager.LogManager - 備品管理システム : 起動
2026-03-14 19:22:20 [JavaFX Application Thread] INFO  application.java.manager.LogManager - 開始処理 : 画面ウィンドウ枠生成
2026-03-14 19:22:20 [JavaFX Application Thread] INFO  application.java.manager.LogManager - [メニュー画面] ： 初期化処理
2026-03-14 19:22:20 [JavaFX Application Thread] DEBUG application.java.manager.LogManager - Window切替 [setWindowFrame] : TRANSPARENT(透明枠・背景色透明)
2026-03-14 19:22:20 [JavaFX Application Thread] INFO  application.java.manager.LogManager - 画面展開 [setPage] : メニュー画面
2026-03-14 19:22:47 [JavaFX Application Thread] INFO  application.java.manager.LogManager - [SQL操作クラス] ： 非同期処理 スレッドプール作成
2026-03-14 19:22:47 [JavaFX Application Thread] DEBUG application.java.manager.LogManager - [SQL操作クラス] ： 非同期処理 スレッドプール解放
2026-03-14 19:22:47 [JavaFX Application Thread] INFO  application.java.manager.LogManager - 終了処理 : 完了
2026-03-14 19:23:18 [main] INFO  application.java.manager.LogManager - 備品管理システム : 起動
2026-03-14 19:23:18 [JavaFX Application Thread] INFO  application.java.manager.LogManager - 開始処理 : 画面ウィンドウ枠生成
2026-03-14 19:23:18 [JavaFX Application Thread] INFO  application.java.manager.LogManager - [メニュー画面] ： 初期化処理
2026-03-14 19:23:18 [JavaFX Application Thread] DEBUG application.java.manager.LogManager - Window切替 [setWindowFrame] : TRANSPARENT(透明枠・背景色透明)
2026-03-14 19:23:18 [JavaFX Application Thread] INFO  application.java.manager.LogManager - 画面展開 [setPage] : メニュー画面
2026-03-14 19:25:19 [main] INFO  application.java.manager.LogManager - 備品管理システム : 起動
2026-03-14 19:25:19 [JavaFX Application Thread] INFO  application.java.manager.LogManager - 開始処理 : 画面ウィンドウ枠生成
2026-03-14 19:25:19 [JavaFX Application Thread] INFO  application.java.manager.LogManager - [メニュー画面] ： 初期化処理
2026-03-14 19:25:19 [JavaFX Application Thread] DEBUG application.java.manager.LogManager - Window切替 [setWindowFrame] : TRANSPARENT(透明枠・背景色透明)
2026-03-14 19:25:19 [JavaFX Application Thread] INFO  application.java.manager.LogManager - 画面展開 [setPage] : メニュー画面
2026-03-14 19:25:34 [JavaFX Application Thread] INFO  application.java.manager.LogManager - [SQL操作クラス] ： 非同期処理 スレッドプール作成
2026-03-14 19:25:34 [JavaFX Application Thread] DEBUG application.java.manager.LogManager - [SQL操作クラス] ： 非同期処理 スレッドプール解放
2026-03-14 19:25:34 [JavaFX Application Thread] INFO  application.java.manager.LogManager - 終了処理 : 完了
2026-03-14 19:38:08 [main] INFO  application.java.manager.LogManager - 備品管理システム : 起動
2026-03-14 19:38:08 [JavaFX Application Thread] INFO  application.java.manager.LogManager - 開始処理 : 画面ウィンドウ枠生成
2026-03-14 19:38:08 [JavaFX Application Thread] INFO  application.java.manager.LogManager - [メニュー画面] ： 初期化処理
2026-03-14 19:38:08 [JavaFX Application Thread] DEBUG application.java.manager.LogManager - Window切替 [setWindowFrame] : TRANSPARENT(透明枠・背景色透明)
2026-03-14 19:38:08 [JavaFX Application Thread] INFO  application.java.manager.LogManager - [SQL操作クラス] ： 非同期処理 スレッドプール作成
2026-03-14 19:38:08 [JavaFX Application Thread] DEBUG application.java.manager.LogManager - [SQL操作クラス] ： 非同期処理 スレッドプール解放
2026-03-14 19:38:08 [JavaFX Application Thread] INFO  application.java.manager.LogManager - 終了処理 : 完了
2026-03-14 19:39:06 [main] INFO  application.java.manager.LogManager - 備品管理システム : 起動
2026-03-14 19:39:06 [JavaFX Application Thread] INFO  application.java.manager.LogManager - 開始処理 : 画面ウィンドウ枠生成
2026-03-14 19:39:06 [JavaFX Application Thread] INFO  application.java.manager.LogManager - [メニュー画面] ： 初期化処理
2026-03-14 19:39:06 [JavaFX Application Thread] DEBUG application.java.manager.LogManager - Window切替 [setWindowFrame] : TRANSPARENT(透明枠・背景色透明)
2026-03-14 19:39:06 [JavaFX Application Thread] INFO  application.java.manager.LogManager - 画面展開 [setPage] : メニュー画面
2026-03-14 19:39:22 [JavaFX Application Thread] INFO  application.java.manager.LogManager - [SQL操作クラス] ： 非同期処理 スレッドプール作成
2026-03-14 19:39:22 [JavaFX Application Thread] DEBUG application.java.manager.LogManager - [SQL操作クラス] ： 非同期処理 スレッドプール解放
2026-03-14 19:39:22 [JavaFX Application Thread] INFO  application.java.manager.LogManager - 終了処理 : 完了
2026-03-14 19:42:56 [main] INFO  application.java.manager.LogManager - 備品管理システム : 起動
2026-03-14 19:42:56 [JavaFX Application Thread] INFO  application.java.manager.LogManager - 開始処理 : 画面ウィンドウ枠生成
2026-03-14 19:42:56 [JavaFX Application Thread] INFO  application.java.manager.LogManager - [メニュー画面] ： 初期化処理
2026-03-14 19:42:56 [JavaFX Application Thread] DEBUG application.java.manager.LogManager - Window切替 [setWindowFrame] : TRANSPARENT(透明枠・背景色透明)
2026-03-14 19:42:57 [JavaFX Application Thread] INFO  application.java.manager.LogManager - 画面展開 [setPage] : メニュー画面
2026-03-14 19:45:31 [JavaFX Application Thread] INFO  application.java.manager.LogManager - [SQL操作クラス] ： 非同期処理 スレッドプール作成
2026-03-14 19:45:31 [JavaFX Application Thread] DEBUG application.java.manager.LogManager - [SQL操作クラス] ： 非同期処理 スレッドプール解放
2026-03-14 19:45:31 [JavaFX Application Thread] INFO  application.java.manager.LogManager - 終了処理 : 完了
2026-03-14 20:11:04 [main] INFO  application.java.manager.LogManager - 備品管理システム : 起動
2026-03-14 20:11:04 [JavaFX Application Thread] INFO  application.java.manager.LogManager - 開始処理 : 画面ウィンドウ枠生成
2026-03-14 20:11:04 [JavaFX Application Thread] INFO  application.java.manager.LogManager - [メニュー画面] ： 初期化処理
2026-03-14 20:11:04 [JavaFX Application Thread] DEBUG application.java.manager.LogManager - Window切替 [setWindowFrame] : TRANSPARENT(透明枠・背景色透明)
2026-03-14 20:11:04 [JavaFX Application Thread] INFO  application.java.manager.LogManager - 画面展開 [setPage] : メニュー画面
2026-03-14 20:11:11 [JavaFX Application Thread] INFO  application.java.manager.LogManager - [SQL操作クラス] ： 非同期処理 スレッドプール作成
2026-03-14 20:11:11 [JavaFX Application Thread] DEBUG application.java.manager.LogManager - [SQL操作クラス] ： 非同期処理 スレッドプール解放
2026-03-14 20:11:11 [JavaFX Application Thread] INFO  application.java.manager.LogManager - 終了処理 : 完了
2026-03-14 20:24:56 [main] INFO  application.java.manager.LogManager - 備品管理システム : 起動
2026-03-14 20:24:56 [JavaFX Application Thread] INFO  application.java.manager.LogManager - 開始処理 : 画面ウィンドウ枠生成
2026-03-14 20:24:56 [JavaFX Application Thread] INFO  application.java.manager.LogManager - [メニュー画面] ： 初期化処理
2026-03-14 20:24:56 [JavaFX Application Thread] DEBUG application.java.manager.LogManager - Window切替 [setWindowFrame] : TRANSPARENT(透明枠・背景色透明)
2026-03-14 20:24:56 [JavaFX Application Thread] INFO  application.java.manager.LogManager - 画面展開 [setPage] : メニュー画面
2026-03-14 20:25:01 [JavaFX Application Thread] ERROR application.java.manager.LogManager - 例外発生: [MenuController].[lambda$2](行番号: 146)
2026-03-14 20:25:01 [JavaFX Application Thread] ERROR application.java.manager.LogManager - Cannot invoke "java.net.URL.toExternalForm()" because the return value of "java.lang.Class.getResource(String)" is null
java.lang.NullPointerException: Cannot invoke "java.net.URL.toExternalForm()" because the return value of "java.lang.Class.getResource(String)" is null
	at AssetManagementSystem/application.java.window.MenuController.lambda$2(MenuController.java:146)
	at javafx.graphics@25.0.2/com.sun.scenario.animation.shared.TimelineClipCore.visitKeyFrame(TimelineClipCore.java:239)
	at javafx.graphics@25.0.2/com.sun.scenario.animation.shared.TimelineClipCore.playTo(TimelineClipCore.java:180)
	at javafx.graphics@25.0.2/javafx.animation.Timeline.doPlayTo(Timeline.java:172)
	at javafx.graphics@25.0.2/javafx.animation.AnimationAccessorImpl.playTo(AnimationAccessorImpl.java:39)
	at javafx.graphics@25.0.2/com.sun.scenario.animation.shared.InfiniteClipEnvelope.timePulse(InfiniteClipEnvelope.java:104)
	at javafx.graphics@25.0.2/javafx.animation.Animation.doTimePulse(Animation.java:1234)
	at javafx.graphics@25.0.2/javafx.animation.Animation$1.timePulse(Animation.java:190)
	at javafx.graphics@25.0.2/com.sun.scenario.animation.AbstractPrimaryTimer.timePulseImpl(AbstractPrimaryTimer.java:326)
	at javafx.graphics@25.0.2/com.sun.scenario.animation.AbstractPrimaryTimer$MainLoop.run(AbstractPrimaryTimer.java:247)
	at javafx.graphics@25.0.2/com.sun.javafx.tk.quantum.QuantumToolkit.pulse(QuantumToolkit.java:588)
	at javafx.graphics@25.0.2/com.sun.javafx.tk.quantum.QuantumToolkit.pulse(QuantumToolkit.java:572)
	at javafx.graphics@25.0.2/com.sun.javafx.tk.quantum.QuantumToolkit.pulseFromQueue(QuantumToolkit.java:565)
	at javafx.graphics@25.0.2/com.sun.javafx.tk.quantum.QuantumToolkit.lambda$runToolkit$0(QuantumToolkit.java:346)
	at javafx.graphics@25.0.2/com.sun.glass.ui.InvokeLaterDispatcher$Future.run(InvokeLaterDispatcher.java:95)
	at javafx.graphics@25.0.2/com.sun.glass.ui.win.WinApplication._runLoop(Native Method)
	at javafx.graphics@25.0.2/com.sun.glass.ui.win.WinApplication.lambda$runLoop$0(WinApplication.java:173)
	at java.base/java.lang.Thread.run(Thread.java:1474)
2026-03-14 20:25:06 [JavaFX Application Thread] ERROR application.java.manager.LogManager - 例外発生: [MenuController].[lambda$2](行番号: 146)
2026-03-14 20:25:06 [JavaFX Application Thread] ERROR application.java.manager.LogManager - Cannot invoke "java.net.URL.toExternalForm()" because the return value of "java.lang.Class.getResource(String)" is null
java.lang.NullPointerException: Cannot invoke "java.net.URL.toExternalForm()" because the return value of "java.lang.Class.getResource(String)" is null
	at AssetManagementSystem/application.java.window.MenuController.lambda$2(MenuController.java:146)
	at javafx.graphics@25.0.2/com.sun.scenario.animation.shared.TimelineClipCore.visitKeyFrame(TimelineClipCore.java:239)
	at javafx.graphics@25.0.2/com.sun.scenario.animation.shared.TimelineClipCore.playTo(TimelineClipCore.java:180)
	at javafx.graphics@25.0.2/javafx.animation.Timeline.doPlayTo(Timeline.java:172)
	at javafx.graphics@25.0.2/javafx.animation.AnimationAccessorImpl.playTo(AnimationAccessorImpl.java:39)
	at javafx.graphics@25.0.2/com.sun.scenario.animation.shared.InfiniteClipEnvelope.timePulse(InfiniteClipEnvelope.java:104)
	at javafx.graphics@25.0.2/javafx.animation.Animation.doTimePulse(Animation.java:1234)
	at javafx.graphics@25.0.2/javafx.animation.Animation$1.timePulse(Animation.java:190)
	at javafx.graphics@25.0.2/com.sun.scenario.animation.AbstractPrimaryTimer.timePulseImpl(AbstractPrimaryTimer.java:326)
	at javafx.graphics@25.0.2/com.sun.scenario.animation.AbstractPrimaryTimer$MainLoop.run(AbstractPrimaryTimer.java:247)
	at javafx.graphics@25.0.2/com.sun.javafx.tk.quantum.QuantumToolkit.pulse(QuantumToolkit.java:588)
	at javafx.graphics@25.0.2/com.sun.javafx.tk.quantum.QuantumToolkit.pulse(QuantumToolkit.java:572)
	at javafx.graphics@25.0.2/com.sun.javafx.tk.quantum.QuantumToolkit.pulseFromQueue(QuantumToolkit.java:565)
	at javafx.graphics@25.0.2/com.sun.javafx.tk.quantum.QuantumToolkit.lambda$runToolkit$0(QuantumToolkit.java:346)
	at javafx.graphics@25.0.2/com.sun.glass.ui.InvokeLaterDispatcher$Future.run(InvokeLaterDispatcher.java:95)
	at javafx.graphics@25.0.2/com.sun.glass.ui.win.WinApplication._enterNestedEventLoopImpl(Native Method)
	at javafx.graphics@25.0.2/com.sun.glass.ui.win.WinApplication._enterNestedEventLoop(WinApplication.java:200)
	at javafx.graphics@25.0.2/com.sun.glass.ui.Application.enterNestedEventLoop(Application.java:510)
	at javafx.graphics@25.0.2/com.sun.glass.ui.EventLoop.enter(EventLoop.java:107)
	at javafx.graphics@25.0.2/com.sun.javafx.tk.quantum.QuantumToolkit.enterNestedEventLoop(QuantumToolkit.java:661)
	at javafx.graphics@25.0.2/javafx.stage.Stage.showAndWait(Stage.java:454)
	at javafx.controls@25.0.2/javafx.scene.control.HeavyweightDialog.showAndWait(HeavyweightDialog.java:162)
	at javafx.controls@25.0.2/javafx.scene.control.Dialog.showAndWait(Dialog.java:347)
	at AssetManagementSystem/application.java.common.MessageBox.ShowErrorMessage(MessageBox.java:191)
	at AssetManagementSystem/application.java.manager.LogManager.showAndWriteError(LogManager.java:84)
	at AssetManagementSystem/application.Main.lambda$1(Main.java:91)
	at javafx.graphics@25.0.2/com.sun.javafx.application.PlatformImpl.lambda$runLater$0(PlatformImpl.java:424)
	at javafx.graphics@25.0.2/com.sun.glass.ui.InvokeLaterDispatcher$Future.run(InvokeLaterDispatcher.java:95)
	at javafx.graphics@25.0.2/com.sun.glass.ui.win.WinApplication._runLoop(Native Method)
	at javafx.graphics@25.0.2/com.sun.glass.ui.win.WinApplication.lambda$runLoop$0(WinApplication.java:173)
	at java.base/java.lang.Thread.run(Thread.java:1474)
2026-03-14 20:25:11 [JavaFX Application Thread] ERROR application.java.manager.LogManager - 例外発生: [MenuController].[lambda$2](行番号: 146)
2026-03-14 20:25:11 [JavaFX Application Thread] ERROR application.java.manager.LogManager - Cannot invoke "java.net.URL.toExternalForm()" because the return value of "java.lang.Class.getResource(String)" is null
java.lang.NullPointerException: Cannot invoke "java.net.URL.toExternalForm()" because the return value of "java.lang.Class.getResource(String)" is null
	at AssetManagementSystem/application.java.window.MenuController.lambda$2(MenuController.java:146)
	at javafx.graphics@25.0.2/com.sun.scenario.animation.shared.TimelineClipCore.visitKeyFrame(TimelineClipCore.java:239)
	at javafx.graphics@25.0.2/com.sun.scenario.animation.shared.TimelineClipCore.playTo(TimelineClipCore.java:180)
	at javafx.graphics@25.0.2/javafx.animation.Timeline.doPlayTo(Timeline.java:172)
	at javafx.graphics@25.0.2/javafx.animation.AnimationAccessorImpl.playTo(AnimationAccessorImpl.java:39)
	at javafx.graphics@25.0.2/com.sun.scenario.animation.shared.InfiniteClipEnvelope.timePulse(InfiniteClipEnvelope.java:104)
	at javafx.graphics@25.0.2/javafx.animation.Animation.doTimePulse(Animation.java:1234)
	at javafx.graphics@25.0.2/javafx.animation.Animation$1.timePulse(Animation.java:190)
	at javafx.graphics@25.0.2/com.sun.scenario.animation.AbstractPrimaryTimer.timePulseImpl(AbstractPrimaryTimer.java:326)
	at javafx.graphics@25.0.2/com.sun.scenario.animation.AbstractPrimaryTimer$MainLoop.run(AbstractPrimaryTimer.java:247)
	at javafx.graphics@25.0.2/com.sun.javafx.tk.quantum.QuantumToolkit.pulse(QuantumToolkit.java:588)
	at javafx.graphics@25.0.2/com.sun.javafx.tk.quantum.QuantumToolkit.pulse(QuantumToolkit.java:572)
	at javafx.graphics@25.0.2/com.sun.javafx.tk.quantum.QuantumToolkit.pulseFromQueue(QuantumToolkit.java:565)
	at javafx.graphics@25.0.2/com.sun.javafx.tk.quantum.QuantumToolkit.lambda$runToolkit$0(QuantumToolkit.java:346)
	at javafx.graphics@25.0.2/com.sun.glass.ui.InvokeLaterDispatcher$Future.run(InvokeLaterDispatcher.java:95)
	at javafx.graphics@25.0.2/com.sun.glass.ui.win.WinApplication._enterNestedEventLoopImpl(Native Method)
	at javafx.graphics@25.0.2/com.sun.glass.ui.win.WinApplication._enterNestedEventLoop(WinApplication.java:200)
	at javafx.graphics@25.0.2/com.sun.glass.ui.Application.enterNestedEventLoop(Application.java:510)
	at javafx.graphics@25.0.2/com.sun.glass.ui.EventLoop.enter(EventLoop.java:107)
	at javafx.graphics@25.0.2/com.sun.javafx.tk.quantum.QuantumToolkit.enterNestedEventLoop(QuantumToolkit.java:661)
	at javafx.graphics@25.0.2/javafx.stage.Stage.showAndWait(Stage.java:454)
	at javafx.controls@25.0.2/javafx.scene.control.HeavyweightDialog.showAndWait(HeavyweightDialog.java:162)
	at javafx.controls@25.0.2/javafx.scene.control.Dialog.showAndWait(Dialog.java:347)
	at AssetManagementSystem/application.java.common.MessageBox.ShowErrorMessage(MessageBox.java:191)
	at AssetManagementSystem/application.java.manager.LogManager.showAndWriteError(LogManager.java:84)
	at AssetManagementSystem/application.Main.lambda$1(Main.java:91)
	at javafx.graphics@25.0.2/com.sun.javafx.application.PlatformImpl.lambda$runLater$0(PlatformImpl.java:424)
	at javafx.graphics@25.0.2/com.sun.glass.ui.InvokeLaterDispatcher$Future.run(InvokeLaterDispatcher.java:95)
	at javafx.graphics@25.0.2/com.sun.glass.ui.win.WinApplication._enterNestedEventLoopImpl(Native Method)
	at javafx.graphics@25.0.2/com.sun.glass.ui.win.WinApplication._enterNestedEventLoop(WinApplication.java:200)
	at javafx.graphics@25.0.2/com.sun.glass.ui.Application.enterNestedEventLoop(Application.java:510)
	at javafx.graphics@25.0.2/com.sun.glass.ui.EventLoop.enter(EventLoop.java:107)
	at javafx.graphics@25.0.2/com.sun.javafx.tk.quantum.QuantumToolkit.enterNestedEventLoop(QuantumToolkit.java:661)
	at javafx.graphics@25.0.2/javafx.stage.Stage.showAndWait(Stage.java:454)
	at javafx.controls@25.0.2/javafx.scene.control.HeavyweightDialog.showAndWait(HeavyweightDialog.java:162)
	at javafx.controls@25.0.2/javafx.scene.control.Dialog.showAndWait(Dialog.java:347)
	at AssetManagementSystem/application.java.common.MessageBox.ShowErrorMessage(MessageBox.java:191)
	at AssetManagementSystem/application.java.manager.LogManager.showAndWriteError(LogManager.java:84)
	at AssetManagementSystem/application.Main.lambda$1(Main.java:91)
	at javafx.graphics@25.0.2/com.sun.javafx.application.PlatformImpl.lambda$runLater$0(PlatformImpl.java:424)
	at javafx.graphics@25.0.2/com.sun.glass.ui.InvokeLaterDispatcher$Future.run(InvokeLaterDispatcher.java:95)
	at javafx.graphics@25.0.2/com.sun.glass.ui.win.WinApplication._runLoop(Native Method)
	at javafx.graphics@25.0.2/com.sun.glass.ui.win.WinApplication.lambda$runLoop$0(WinApplication.java:173)
	at java.base/java.lang.Thread.run(Thread.java:1474)
2026-03-14 20:25:13 [JavaFX Application Thread] INFO  application.java.manager.LogManager - [SQL操作クラス] ： 非同期処理 スレッドプール作成
2026-03-14 20:25:13 [JavaFX Application Thread] DEBUG application.java.manager.LogManager - [SQL操作クラス] ： 非同期処理 スレッドプール解放
2026-03-14 20:26:15 [main] INFO  application.java.manager.LogManager - 備品管理システム : 起動
2026-03-14 20:26:15 [JavaFX Application Thread] INFO  application.java.manager.LogManager - 開始処理 : 画面ウィンドウ枠生成
2026-03-14 20:26:15 [JavaFX Application Thread] INFO  application.java.manager.LogManager - [メニュー画面] ： 初期化処理
2026-03-14 20:26:15 [JavaFX Application Thread] DEBUG application.java.manager.LogManager - Window切替 [setWindowFrame] : TRANSPARENT(透明枠・背景色透明)
2026-03-14 20:26:15 [JavaFX Application Thread] INFO  application.java.manager.LogManager - 画面展開 [setPage] : メニュー画面
2026-03-14 20:26:54 [JavaFX Application Thread] INFO  application.java.manager.LogManager - [SQL操作クラス] ： 非同期処理 スレッドプール作成
2026-03-14 20:26:54 [JavaFX Application Thread] DEBUG application.java.manager.LogManager - [SQL操作クラス] ： 非同期処理 スレッドプール解放
2026-03-14 20:26:54 [JavaFX Application Thread] INFO  application.java.manager.LogManager - 終了処理 : 完了
2026-03-14 20:28:10 [main] INFO  application.java.manager.LogManager - 備品管理システム : 起動
2026-03-14 20:28:10 [JavaFX Application Thread] INFO  application.java.manager.LogManager - 開始処理 : 画面ウィンドウ枠生成
2026-03-14 20:28:10 [JavaFX Application Thread] INFO  application.java.manager.LogManager - [メニュー画面] ： 初期化処理
2026-03-14 20:28:10 [JavaFX Application Thread] DEBUG application.java.manager.LogManager - Window切替 [setWindowFrame] : TRANSPARENT(透明枠・背景色透明)
2026-03-14 20:28:10 [JavaFX Application Thread] INFO  application.java.manager.LogManager - 画面展開 [setPage] : メニュー画面
2026-03-14 20:28:37 [JavaFX Application Thread] INFO  application.java.manager.LogManager - [SQL操作クラス] ： 非同期処理 スレッドプール作成
2026-03-14 20:28:37 [JavaFX Application Thread] DEBUG application.java.manager.LogManager - [SQL操作クラス] ： 非同期処理 スレッドプール解放
2026-03-14 20:28:37 [JavaFX Application Thread] INFO  application.java.manager.LogManager - 終了処理 : 完了
