2026-06-09 12:01:53 [main] INFO  application.java.manager.LogManager - 備品管理システム : 起動
2026-06-09 12:01:53 [JavaFX Application Thread] INFO  application.java.manager.LogManager - 開始処理 : 画面ウィンドウ枠生成
2026-06-09 12:01:53 [JavaFX Application Thread] INFO  application.java.manager.LogManager - [ログイン画面] ： 初期化処理
2026-06-09 12:01:53 [JavaFX Application Thread] INFO  application.java.manager.LogManager - 画面展開 [setPage] ： 画面設定・表示処理 開始
2026-06-09 12:01:53 [JavaFX Application Thread] DEBUG application.java.manager.LogManager - Window切替 [setWindowFrame] : TRANSPARENT(透明枠・背景色透明)
2026-06-09 12:01:53 [JavaFX Application Thread] INFO  application.java.manager.LogManager - [SQL操作クラス] ： 非同期処理 スレッドプール作成
2026-06-09 12:01:53 [JavaFX Application Thread] INFO  application.java.manager.LogManager - [SQL操作クラス] ： SQL Session生成
2026-06-09 12:01:53 [JavaFX Application Thread] DEBUG application.java.manager.LogManager - [SQL操作クラス] ： mybatis有効化
2026-06-09 12:01:53 [JavaFX Application Thread] DEBUG o.apache.ibatis.logging.LogFactory - Logging initialized using 'class org.apache.ibatis.logging.slf4j.Slf4jImpl' adapter.
2026-06-09 12:01:53 [JavaFX Application Thread] DEBUG o.apache.ibatis.logging.LogFactory - Logging initialized using 'class org.apache.ibatis.logging.slf4j.Slf4jImpl' adapter.
2026-06-09 12:01:53 [JavaFX Application Thread] DEBUG com.zaxxer.hikari.util.UtilityElf - Class com.mysql.cj.jdbc.Driver found in Thread context class loader jdk.internal.loader.ClassLoaders$AppClassLoader@7699a589
2026-06-09 12:01:53 [JavaFX Application Thread] INFO  application.java.manager.LogManager - /application/resources/css/LoginStyle.css

2026-06-09 12:01:53 [JavaFX Application Thread] INFO  application.java.manager.LogManager - 画面展開 [setPage] : ログイン画面
2026-06-09 12:01:56 [JavaFX Application Thread] INFO  application.java.manager.LogManager - [ログイン画面] ： [QRコード認証]ボタン押下
2026-06-09 12:01:56 [JavaFX Application Thread] INFO  application.java.manager.LogManager - [Webサーバー操作クラス] ： 受信サーバー設定(LocalHost)
2026-06-09 12:01:56 [JavaFX Application Thread] INFO  application.java.manager.LogManager - [ログイン画面] ： 認証サーバーexeを起動します。
2026-06-09 12:01:56 [JavaFX Application Thread] DEBUG application.java.manager.LogManager - [ログイン画面] ： 標準ブラウザを起動します URL: https://localhost:7215?redirect_uri=http://localhost:8888/callback
2026-06-09 12:02:36 [HTTP-Dispatcher] INFO  application.java.manager.LogManager - [Webサーバー操作クラス] ： 認証サーバーからデータを受信しました
2026-06-09 12:02:37 [JavaFX Application Thread] INFO  application.java.manager.LogManager - [ログイン画面] ： ログイン(PassKey)成功
2026-06-09 12:02:37 [JavaFX Application Thread] DEBUG application.java.manager.LogManager - [ログイン画面] ： 受信したトークン情報: 0
2026-06-09 12:02:37 [JavaFX Application Thread] INFO  application.java.manager.LogManager - [ログイン画面] ： メニュー画面へ切替
2026-06-09 12:02:37 [JavaFX Application Thread] INFO  application.java.manager.LogManager - [備品管理システム メニュー画面] ： 初期化処理
2026-06-09 12:02:37 [JavaFX Application Thread] INFO  application.java.manager.LogManager - 呼出中[Page](ログイン画面)の終了処理(dispose)を実行
2026-06-09 12:02:37 [JavaFX Application Thread] INFO  application.java.manager.LogManager - 画面展開 [setPage] ： 画面設定・表示処理 開始
2026-06-09 12:02:37 [JavaFX Application Thread] INFO  application.java.manager.LogManager - /application/resources/css/MenuMacFinderStyle.css

2026-06-09 12:02:37 [JavaFX Application Thread] INFO  application.java.manager.LogManager - 画面展開 [setPage] : 備品管理システム メニュー画面
2026-06-09 12:05:04 [JavaFX Application Thread] DEBUG application.java.manager.LogManager - [SQL操作クラス] ： 非同期処理 スレッドプール解放
2026-06-09 12:05:04 [JavaFX Application Thread] DEBUG application.java.manager.LogManager - [SQL操作クラス] ： コネクションプール(HikariCP) Closeing
2026-06-09 12:05:04 [JavaFX Application Thread] INFO  application.java.manager.LogManager - 終了処理 : 完了
2026-06-09 18:48:56 [main] INFO  application.java.manager.LogManager - 備品管理システム : 起動
2026-06-09 18:48:56 [JavaFX Application Thread] INFO  application.java.manager.LogManager - 開始処理 : 画面ウィンドウ枠生成
2026-06-09 18:48:56 [JavaFX Application Thread] INFO  application.java.manager.LogManager - [ログイン画面] ： 初期化処理
2026-06-09 18:48:56 [JavaFX Application Thread] INFO  application.java.manager.LogManager - 画面展開 [setPage] ： 画面設定・表示処理 開始
2026-06-09 18:48:56 [JavaFX Application Thread] DEBUG application.java.manager.LogManager - Window切替 [setWindowFrame] : TRANSPARENT(透明枠・背景色透明)
2026-06-09 18:48:57 [JavaFX Application Thread] INFO  application.java.manager.LogManager - [SQL操作クラス] ： 非同期処理 スレッドプール作成
2026-06-09 18:48:57 [JavaFX Application Thread] INFO  application.java.manager.LogManager - [SQL操作クラス] ： SQL Session生成
2026-06-09 18:48:57 [JavaFX Application Thread] DEBUG application.java.manager.LogManager - [SQL操作クラス] ： mybatis有効化
2026-06-09 18:48:57 [JavaFX Application Thread] DEBUG o.apache.ibatis.logging.LogFactory - Logging initialized using 'class org.apache.ibatis.logging.slf4j.Slf4jImpl' adapter.
2026-06-09 18:48:57 [JavaFX Application Thread] DEBUG o.apache.ibatis.logging.LogFactory - Logging initialized using 'class org.apache.ibatis.logging.slf4j.Slf4jImpl' adapter.
2026-06-09 18:48:57 [JavaFX Application Thread] DEBUG com.zaxxer.hikari.util.UtilityElf - Class com.mysql.cj.jdbc.Driver found in Thread context class loader jdk.internal.loader.ClassLoaders$AppClassLoader@7699a589
2026-06-09 18:48:57 [JavaFX Application Thread] INFO  application.java.manager.LogManager - /application/resources/css/LoginStyle.css

2026-06-09 18:48:57 [JavaFX Application Thread] INFO  application.java.manager.LogManager - 画面展開 [setPage] : ログイン画面
2026-06-09 18:49:01 [JavaFX Application Thread] INFO  application.java.manager.LogManager - [ログイン画面] ： [QRコード認証]ボタン押下
2026-06-09 18:49:01 [JavaFX Application Thread] INFO  application.java.manager.LogManager - [Webサーバー操作クラス] ： 受信サーバー設定(LocalHost)
2026-06-09 18:49:02 [JavaFX Application Thread] INFO  application.java.manager.LogManager - [ログイン画面] ： 認証サーバーexeを起動します。
2026-06-09 18:49:02 [JavaFX Application Thread] DEBUG application.java.manager.LogManager - [ログイン画面] ： 標準ブラウザを起動します URL: https://localhost:7215?redirect_uri=http://localhost:8888/callback
2026-06-09 18:50:44 [HTTP-Dispatcher] INFO  application.java.manager.LogManager - [Webサーバー操作クラス] ： 認証サーバーからデータを受信しました
2026-06-09 18:50:46 [JavaFX Application Thread] INFO  application.java.manager.LogManager - [ログイン画面] ： ログイン(PassKey)成功
2026-06-09 18:50:46 [JavaFX Application Thread] DEBUG application.java.manager.LogManager - [ログイン画面] ： 受信したトークン情報: 0
2026-06-09 18:50:46 [JavaFX Application Thread] INFO  application.java.manager.LogManager - [ログイン画面] ： メニュー画面へ切替
2026-06-09 18:50:46 [JavaFX Application Thread] INFO  application.java.manager.LogManager - [備品管理システム メニュー画面] ： 初期化処理
2026-06-09 18:50:46 [JavaFX Application Thread] INFO  application.java.manager.LogManager - 呼出中[Page](ログイン画面)の終了処理(dispose)を実行
2026-06-09 18:50:46 [JavaFX Application Thread] INFO  application.java.manager.LogManager - 画面展開 [setPage] ： 画面設定・表示処理 開始
2026-06-09 18:50:46 [JavaFX Application Thread] INFO  application.java.manager.LogManager - /application/resources/css/MenuMacFinderStyle.css

2026-06-09 18:50:46 [JavaFX Application Thread] INFO  application.java.manager.LogManager - 画面展開 [setPage] : 備品管理システム メニュー画面
2026-06-09 18:51:08 [JavaFX Application Thread] DEBUG application.java.manager.LogManager - [SQL操作クラス] ： 非同期処理 スレッドプール解放
2026-06-09 18:51:08 [JavaFX Application Thread] DEBUG application.java.manager.LogManager - [SQL操作クラス] ： コネクションプール(HikariCP) Closeing
2026-06-09 18:51:08 [JavaFX Application Thread] INFO  application.java.manager.LogManager - 終了処理 : 完了
