2026-03-21 18:11:43 [main] INFO  application.java.manager.LogManager - 備品管理システム : 起動
2026-03-21 18:11:43 [JavaFX Application Thread] INFO  application.java.manager.LogManager - 開始処理 : 画面ウィンドウ枠生成
2026-03-21 18:11:43 [JavaFX Application Thread] INFO  application.java.manager.LogManager - [備品管理システム メニュー画面] ： 初期化処理
2026-03-21 18:11:43 [JavaFX Application Thread] INFO  application.java.manager.LogManager - 画面展開 [setPage] ： 画面設定・表示処理 開始
2026-03-21 18:11:43 [JavaFX Application Thread] DEBUG application.java.manager.LogManager - Window切替 [setWindowFrame] : TRANSPARENT(透明枠・背景色透明)
2026-03-21 18:11:43 [JavaFX Application Thread] INFO  application.java.manager.LogManager - 画面展開 [setPage] : 備品管理システム メニュー画面
2026-03-21 18:11:45 [JavaFX Application Thread] INFO  application.java.manager.LogManager - [備品管理システム メニュー画面] ： [棚卸業務]ボタン押下
2026-03-21 18:11:45 [JavaFX Application Thread] INFO  application.java.manager.LogManager - [棚卸画面] ： 初期化処理
2026-03-21 18:11:45 [JavaFX Application Thread] INFO  application.java.manager.LogManager - 画面展開 [setPage] ： 画面設定・表示処理 開始
2026-03-21 18:11:45 [JavaFX Application Thread] DEBUG application.java.manager.LogManager - Window切替 [setWindowFrame] : DECORATED(標準)
2026-03-21 18:11:45 [JavaFX Application Thread] INFO  application.java.manager.LogManager - [SQL操作クラス] ： 非同期処理 スレッドプール作成
2026-03-21 18:11:45 [JavaFX Application Thread] INFO  application.java.manager.LogManager - [SQL操作クラス] ： SQL Session生成
2026-03-21 18:11:45 [JavaFX Application Thread] DEBUG application.java.manager.LogManager - [SQL操作クラス] ： mybatis有効化
2026-03-21 18:11:45 [JavaFX Application Thread] DEBUG o.apache.ibatis.logging.LogFactory - Logging initialized using 'class org.apache.ibatis.logging.slf4j.Slf4jImpl' adapter.
2026-03-21 18:11:45 [JavaFX Application Thread] DEBUG o.apache.ibatis.logging.LogFactory - Logging initialized using 'class org.apache.ibatis.logging.slf4j.Slf4jImpl' adapter.
2026-03-21 18:11:45 [JavaFX Application Thread] DEBUG com.zaxxer.hikari.util.UtilityElf - Class com.mysql.cj.jdbc.Driver found in Thread context class loader jdk.internal.loader.ClassLoaders$AppClassLoader@568db2f2
2026-03-21 18:11:46 [JavaFX Application Thread] DEBUG application.java.manager.LogManager - [棚卸画面] ： リスト表示処理
2026-03-21 18:11:46 [JavaFX Application Thread] DEBUG application.java.manager.LogManager - [SQL操作クラス] ： 非同期処理 SELECT句発行
2026-03-21 18:11:46 [Thread-3] DEBUG application.java.manager.LogManager - [SQL操作クラス] ： SELECT句発行
2026-03-21 18:11:46 [Thread-3] DEBUG application.java.manager.LogManager - [棚卸画面] ： DB 棚卸データ取得処理
2026-03-21 18:11:46 [JavaFX Application Thread] INFO  application.java.manager.LogManager - 画面展開 [setPage] : 棚卸画面
2026-03-21 18:11:46 [Thread-3] DEBUG o.a.i.t.jdbc.JdbcTransaction - Opening JDBC Connection
2026-03-21 18:11:46 [Thread-3] DEBUG com.zaxxer.hikari.HikariConfig - HikariPool-1 - configuration:
2026-03-21 18:11:46 [Thread-3] DEBUG com.zaxxer.hikari.HikariConfig - allowPoolSuspension.............false
2026-03-21 18:11:46 [Thread-3] DEBUG com.zaxxer.hikari.HikariConfig - autoCommit......................true
2026-03-21 18:11:46 [Thread-3] DEBUG com.zaxxer.hikari.HikariConfig - catalog.........................none
2026-03-21 18:11:46 [Thread-3] DEBUG com.zaxxer.hikari.HikariConfig - connectionInitSql...............none
2026-03-21 18:11:46 [Thread-3] DEBUG com.zaxxer.hikari.HikariConfig - connectionTestQuery.............none
2026-03-21 18:11:46 [Thread-3] DEBUG com.zaxxer.hikari.HikariConfig - connectionTimeout...............30000
2026-03-21 18:11:46 [Thread-3] DEBUG com.zaxxer.hikari.HikariConfig - credentials.....................com.zaxxer.hikari.util.Credentials@5ac44218
2026-03-21 18:11:46 [Thread-3] DEBUG com.zaxxer.hikari.HikariConfig - credentialsProvider.............none
2026-03-21 18:11:46 [Thread-3] DEBUG com.zaxxer.hikari.HikariConfig - credentialsProviderClassName....none
2026-03-21 18:11:46 [Thread-3] DEBUG com.zaxxer.hikari.HikariConfig - dataSource......................none
2026-03-21 18:11:46 [Thread-3] DEBUG com.zaxxer.hikari.HikariConfig - dataSourceClassName.............none
2026-03-21 18:11:46 [Thread-3] DEBUG com.zaxxer.hikari.HikariConfig - dataSourceJNDI..................none
2026-03-21 18:11:46 [Thread-3] DEBUG com.zaxxer.hikari.HikariConfig - dataSourceProperties............{password=<masked>}
2026-03-21 18:11:46 [Thread-3] DEBUG com.zaxxer.hikari.HikariConfig - driverClassName................."com.mysql.cj.jdbc.Driver"
2026-03-21 18:11:46 [Thread-3] DEBUG com.zaxxer.hikari.HikariConfig - exceptionOverride...............none
2026-03-21 18:11:46 [Thread-3] DEBUG com.zaxxer.hikari.HikariConfig - exceptionOverrideClassName......none
2026-03-21 18:11:46 [Thread-3] DEBUG com.zaxxer.hikari.HikariConfig - healthCheckProperties...........{}
2026-03-21 18:11:46 [Thread-3] DEBUG com.zaxxer.hikari.HikariConfig - healthCheckRegistry.............none
2026-03-21 18:11:46 [Thread-3] DEBUG com.zaxxer.hikari.HikariConfig - idleTimeout.....................600000
2026-03-21 18:11:46 [Thread-3] DEBUG com.zaxxer.hikari.HikariConfig - initializationFailTimeout.......1
2026-03-21 18:11:46 [Thread-3] DEBUG com.zaxxer.hikari.HikariConfig - isolateInternalQueries..........false
2026-03-21 18:11:46 [Thread-3] DEBUG com.zaxxer.hikari.HikariConfig - jdbcUrl.........................jdbc:mysql://localhost:3306/test?useUnicode=true&characterEncoding=UTF-8&serverTimezone=GMT%2B9&useSSL=false&allowPublicKeyRetrieval=true&useCursorFetch=true
2026-03-21 18:11:46 [Thread-3] DEBUG com.zaxxer.hikari.HikariConfig - keepaliveTime...................120000
2026-03-21 18:11:46 [Thread-3] DEBUG com.zaxxer.hikari.HikariConfig - leakDetectionThreshold..........0
2026-03-21 18:11:46 [Thread-3] DEBUG com.zaxxer.hikari.HikariConfig - maxLifetime.....................1800000
2026-03-21 18:11:46 [Thread-3] DEBUG com.zaxxer.hikari.HikariConfig - maximumPoolSize.................20
2026-03-21 18:11:46 [Thread-3] DEBUG com.zaxxer.hikari.HikariConfig - metricRegistry..................none
2026-03-21 18:11:46 [Thread-3] DEBUG com.zaxxer.hikari.HikariConfig - metricsTrackerFactory...........none
2026-03-21 18:11:46 [Thread-3] DEBUG com.zaxxer.hikari.HikariConfig - minimumIdle.....................20
2026-03-21 18:11:46 [Thread-3] DEBUG com.zaxxer.hikari.HikariConfig - password........................<masked>
2026-03-21 18:11:46 [Thread-3] DEBUG com.zaxxer.hikari.HikariConfig - poolName........................"HikariPool-1"
2026-03-21 18:11:46 [Thread-3] DEBUG com.zaxxer.hikari.HikariConfig - readOnly........................false
2026-03-21 18:11:46 [Thread-3] DEBUG com.zaxxer.hikari.HikariConfig - registerMbeans..................false
2026-03-21 18:11:46 [Thread-3] DEBUG com.zaxxer.hikari.HikariConfig - scheduledExecutor...............none
2026-03-21 18:11:46 [Thread-3] DEBUG com.zaxxer.hikari.HikariConfig - schema..........................none
2026-03-21 18:11:46 [Thread-3] DEBUG com.zaxxer.hikari.HikariConfig - threadFactory...................internal
2026-03-21 18:11:46 [Thread-3] DEBUG com.zaxxer.hikari.HikariConfig - transactionIsolation............default
2026-03-21 18:11:46 [Thread-3] DEBUG com.zaxxer.hikari.HikariConfig - username........................"app2"
2026-03-21 18:11:46 [Thread-3] DEBUG com.zaxxer.hikari.HikariConfig - validationTimeout...............5000
2026-03-21 18:11:46 [Thread-3] INFO  com.zaxxer.hikari.HikariDataSource - HikariPool-1 - Starting...
2026-03-21 18:11:46 [Thread-3] DEBUG com.zaxxer.hikari.pool.PoolBase - HikariPool-1 - Attempting to create/setup new connection (80065d4b-57f3-4a60-b75c-ce6e28816af2)
2026-03-21 18:11:46 [Thread-3] DEBUG com.zaxxer.hikari.pool.PoolBase - HikariPool-1 - Established new connection (80065d4b-57f3-4a60-b75c-ce6e28816af2)
2026-03-21 18:11:46 [Thread-3] INFO  com.zaxxer.hikari.pool.HikariPool - HikariPool-1 - Added connection com.mysql.cj.jdbc.ConnectionImpl@12059b80
2026-03-21 18:11:46 [Thread-3] INFO  com.zaxxer.hikari.HikariDataSource - HikariPool-1 - Start completed.
2026-03-21 18:11:46 [Thread-3] DEBUG o.a.i.t.jdbc.JdbcTransaction - Setting autocommit to false on JDBC Connection [HikariProxyConnection@2094129253 wrapping com.mysql.cj.jdbc.ConnectionImpl@12059b80]
2026-03-21 18:11:46 [Thread-3] DEBUG a.r.m.P.getTableInventoryRecords - ==>  Preparing: WITH BASE_TABLE AS ( SELECT DISTINCT SM.serial_no , SD.id FROM stock_type_master STM /* 参照権限を考慮する場合に用いる INNER JOIN stock_type_data STD ON STM.stock_type = STD.stock_type AND STM.stock_code = STD.stock_code*/ INNER JOIN stock_master SM ON STM.stock_type = SM.stock_type AND STM.stock_code = SM.stock_code AND STM.del = FALSE AND SM.del = FALSE /* 棚卸のため、INNER JOINとする */ INNER JOIN stock_data SD ON SM.serial_no = SD.serial_no /* 返却済データの除去 ≒ 最新の備品データを取得 */ AND SD.return_date IS NULL AND SD.del = FALSE WHERE 1 = 1 ) SELECT SM.serial_no AS serialNo , STM.name AS type_name , IFNULL(SM.name, '') AS model , CASE WHEN SM.rent_flg THEN '4' -- 不可 / 貸出可否(TRUEの場合、貸出不可) WHEN DATEDIFF(CURRENT_DATE (), SD.confirmed_date) > 365 THEN '3' -- 不明 / [confirmed_date]：最終所在確認日 が１年前以前(可・貸出中に関わらず不明とする) WHEN SD.staff_no IS NOT NULL AND (DATEDIFF(CURRENT_DATE(), SD.confirmed_date) <= 365 ) THEN '2' -- 貸出中 WHEN SD.staff_no IS NULL AND (DATEDIFF(CURRENT_DATE(), SD.confirmed_date) <= 365 ) THEN '1' -- 可 ELSE '4' -- 不可 / 備品データが未登録の場合など、異常なデータ END AS rentFlg , IFNULL(STF.name, '') AS staffName -- 貸出先ユーザー , IFNULL(DATE_FORMAT(SD.start_date, '%Y/%m/%d'), '-') AS startDate , IFNULL(DATE_FORMAT(SD.limit_date, '%Y/%m/%d'), '-') AS limitDate , IFNULL(DATE_FORMAT(SD.confirmed_date, '%Y/%m/%d'), '-') AS confirmedDate , SM.remarks AS remarks , ? AS inventoryDate -- 初期値の設定(画面側との整合性を保つため、保持した値を用いる) , SM.remarks AS remarksMasterValue -- 更新比較用に現在の「備考」の値を取得ー , SD.id AS stockDataId FROM BASE_TABLE B INNER JOIN stock_master SM ON B.serial_no = SM.serial_no INNER JOIN stock_type_master STM ON SM.stock_type = STM.stock_type AND SM.stock_code = STM.stock_code /* 棚卸のため、INNER JOINとする */ INNER JOIN stock_data SD ON B.id = SD.id /* 未登録データを考慮しLEFT JOINとする */ LEFT JOIN staff_master STF ON SD.staff_no = STF.staff_no WHERE 1 = 1 ORDER BY STM.stock_type , STM.stock_code , SM.serial_no
2026-03-21 18:11:46 [Thread-3] DEBUG a.r.m.P.getTableInventoryRecords - ==> Parameters: 2026/03/21(String)
2026-03-21 18:11:46 [HikariPool-1:housekeeper] DEBUG com.zaxxer.hikari.pool.HikariPool - HikariPool-1 - Pool stats (total=1/20, idle=0/20, active=1, waiting=0)
2026-03-21 18:11:46 [HikariPool-1:connection-adder] DEBUG com.zaxxer.hikari.pool.PoolBase - HikariPool-1 - Attempting to create/setup new connection (6c2439d7-9908-408a-9a7f-30add4110971)
2026-03-21 18:11:46 [HikariPool-1:connection-adder] DEBUG com.zaxxer.hikari.pool.PoolBase - HikariPool-1 - Established new connection (6c2439d7-9908-408a-9a7f-30add4110971)
2026-03-21 18:11:46 [HikariPool-1:connection-adder] DEBUG com.zaxxer.hikari.pool.HikariPool - HikariPool-1 - Added connection com.mysql.cj.jdbc.ConnectionImpl@296f499a
2026-03-21 18:11:46 [Thread-3] DEBUG a.r.m.P.getTableInventoryRecords - <==      Total: 42
2026-03-21 18:11:46 [HikariPool-1:connection-adder] DEBUG com.zaxxer.hikari.pool.HikariPool - HikariPool-1 - After adding stats (total=2/20, idle=1/20, active=1, waiting=0)
2026-03-21 18:11:46 [HikariPool-1:connection-adder] DEBUG com.zaxxer.hikari.pool.PoolBase - HikariPool-1 - Attempting to create/setup new connection (9bda63a4-ae1a-4e7b-9bb4-32b2aafc8ced)
2026-03-21 18:11:46 [Thread-3] DEBUG o.a.i.t.jdbc.JdbcTransaction - Resetting autocommit to true on JDBC Connection [HikariProxyConnection@2094129253 wrapping com.mysql.cj.jdbc.ConnectionImpl@12059b80]
2026-03-21 18:11:46 [Thread-3] DEBUG o.a.i.t.jdbc.JdbcTransaction - Closing JDBC Connection [HikariProxyConnection@2094129253 wrapping com.mysql.cj.jdbc.ConnectionImpl@12059b80]
2026-03-21 18:11:46 [HikariPool-1:connection-adder] DEBUG com.zaxxer.hikari.pool.PoolBase - HikariPool-1 - Established new connection (9bda63a4-ae1a-4e7b-9bb4-32b2aafc8ced)
2026-03-21 18:11:46 [HikariPool-1:connection-adder] DEBUG com.zaxxer.hikari.pool.HikariPool - HikariPool-1 - Added connection com.mysql.cj.jdbc.ConnectionImpl@a00a5ef
2026-03-21 18:11:46 [HikariPool-1:connection-adder] DEBUG com.zaxxer.hikari.pool.HikariPool - HikariPool-1 - After adding stats (total=3/20, idle=3/20, active=0, waiting=0)
2026-03-21 18:11:46 [HikariPool-1:connection-adder] DEBUG com.zaxxer.hikari.pool.PoolBase - HikariPool-1 - Attempting to create/setup new connection (b820d961-3762-4f5a-9d38-8c0bb776c45a)
2026-03-21 18:11:46 [HikariPool-1:connection-adder] DEBUG com.zaxxer.hikari.pool.PoolBase - HikariPool-1 - Established new connection (b820d961-3762-4f5a-9d38-8c0bb776c45a)
2026-03-21 18:11:46 [HikariPool-1:connection-adder] DEBUG com.zaxxer.hikari.pool.HikariPool - HikariPool-1 - Added connection com.mysql.cj.jdbc.ConnectionImpl@72c8b65d
2026-03-21 18:11:46 [HikariPool-1:connection-adder] DEBUG com.zaxxer.hikari.pool.HikariPool - HikariPool-1 - After adding stats (total=4/20, idle=4/20, active=0, waiting=0)
2026-03-21 18:11:46 [HikariPool-1:connection-adder] DEBUG com.zaxxer.hikari.pool.PoolBase - HikariPool-1 - Attempting to create/setup new connection (252f05d7-a81a-498f-b1a1-340a4b467e6a)
2026-03-21 18:11:46 [HikariPool-1:connection-adder] DEBUG com.zaxxer.hikari.pool.PoolBase - HikariPool-1 - Established new connection (252f05d7-a81a-498f-b1a1-340a4b467e6a)
2026-03-21 18:11:46 [HikariPool-1:connection-adder] DEBUG com.zaxxer.hikari.pool.HikariPool - HikariPool-1 - Added connection com.mysql.cj.jdbc.ConnectionImpl@7dd5fd3
2026-03-21 18:11:46 [HikariPool-1:connection-adder] DEBUG com.zaxxer.hikari.pool.HikariPool - HikariPool-1 - After adding stats (total=5/20, idle=5/20, active=0, waiting=0)
2026-03-21 18:11:46 [HikariPool-1:connection-adder] DEBUG com.zaxxer.hikari.pool.PoolBase - HikariPool-1 - Attempting to create/setup new connection (35eecffa-6e01-417b-9a98-00c687ab34c0)
2026-03-21 18:11:46 [HikariPool-1:connection-adder] DEBUG com.zaxxer.hikari.pool.PoolBase - HikariPool-1 - Established new connection (35eecffa-6e01-417b-9a98-00c687ab34c0)
2026-03-21 18:11:46 [HikariPool-1:connection-adder] DEBUG com.zaxxer.hikari.pool.HikariPool - HikariPool-1 - Added connection com.mysql.cj.jdbc.ConnectionImpl@69cc1b39
2026-03-21 18:11:46 [HikariPool-1:connection-adder] DEBUG com.zaxxer.hikari.pool.HikariPool - HikariPool-1 - After adding stats (total=6/20, idle=6/20, active=0, waiting=0)
2026-03-21 18:11:46 [HikariPool-1:connection-adder] DEBUG com.zaxxer.hikari.pool.PoolBase - HikariPool-1 - Attempting to create/setup new connection (1f897ff6-fa26-4da7-9f2c-2469296411fd)
2026-03-21 18:11:46 [HikariPool-1:connection-adder] DEBUG com.zaxxer.hikari.pool.PoolBase - HikariPool-1 - Established new connection (1f897ff6-fa26-4da7-9f2c-2469296411fd)
2026-03-21 18:11:46 [HikariPool-1:connection-adder] DEBUG com.zaxxer.hikari.pool.HikariPool - HikariPool-1 - Added connection com.mysql.cj.jdbc.ConnectionImpl@61fda5b0
2026-03-21 18:11:46 [HikariPool-1:connection-adder] DEBUG com.zaxxer.hikari.pool.HikariPool - HikariPool-1 - After adding stats (total=7/20, idle=7/20, active=0, waiting=0)
2026-03-21 18:11:46 [HikariPool-1:connection-adder] DEBUG com.zaxxer.hikari.pool.PoolBase - HikariPool-1 - Attempting to create/setup new connection (7a937d4e-808a-4fc9-b449-825ab5ded8f7)
2026-03-21 18:11:46 [HikariPool-1:connection-adder] DEBUG com.zaxxer.hikari.pool.PoolBase - HikariPool-1 - Established new connection (7a937d4e-808a-4fc9-b449-825ab5ded8f7)
2026-03-21 18:11:46 [HikariPool-1:connection-adder] DEBUG com.zaxxer.hikari.pool.HikariPool - HikariPool-1 - Added connection com.mysql.cj.jdbc.ConnectionImpl@3f902b3a
2026-03-21 18:11:46 [HikariPool-1:connection-adder] DEBUG com.zaxxer.hikari.pool.HikariPool - HikariPool-1 - After adding stats (total=8/20, idle=8/20, active=0, waiting=0)
2026-03-21 18:11:46 [HikariPool-1:connection-adder] DEBUG com.zaxxer.hikari.pool.PoolBase - HikariPool-1 - Attempting to create/setup new connection (c19e78c2-07bd-4daa-abb3-e9f705fee14b)
2026-03-21 18:11:46 [HikariPool-1:connection-adder] DEBUG com.zaxxer.hikari.pool.PoolBase - HikariPool-1 - Established new connection (c19e78c2-07bd-4daa-abb3-e9f705fee14b)
2026-03-21 18:11:46 [HikariPool-1:connection-adder] DEBUG com.zaxxer.hikari.pool.HikariPool - HikariPool-1 - Added connection com.mysql.cj.jdbc.ConnectionImpl@25e8ae09
2026-03-21 18:11:46 [HikariPool-1:connection-adder] DEBUG com.zaxxer.hikari.pool.HikariPool - HikariPool-1 - After adding stats (total=9/20, idle=9/20, active=0, waiting=0)
2026-03-21 18:11:46 [HikariPool-1:connection-adder] DEBUG com.zaxxer.hikari.pool.PoolBase - HikariPool-1 - Attempting to create/setup new connection (070c575d-f84d-40c4-bcf7-09066161fb2b)
2026-03-21 18:11:46 [HikariPool-1:connection-adder] DEBUG com.zaxxer.hikari.pool.PoolBase - HikariPool-1 - Established new connection (070c575d-f84d-40c4-bcf7-09066161fb2b)
2026-03-21 18:11:46 [HikariPool-1:connection-adder] DEBUG com.zaxxer.hikari.pool.HikariPool - HikariPool-1 - Added connection com.mysql.cj.jdbc.ConnectionImpl@4a9a210a
2026-03-21 18:11:46 [HikariPool-1:connection-adder] DEBUG com.zaxxer.hikari.pool.HikariPool - HikariPool-1 - After adding stats (total=10/20, idle=10/20, active=0, waiting=0)
2026-03-21 18:11:46 [HikariPool-1:connection-adder] DEBUG com.zaxxer.hikari.pool.PoolBase - HikariPool-1 - Attempting to create/setup new connection (d1cbc98f-e619-4ca8-a8a5-5193dbd99579)
2026-03-21 18:11:46 [HikariPool-1:connection-adder] DEBUG com.zaxxer.hikari.pool.PoolBase - HikariPool-1 - Established new connection (d1cbc98f-e619-4ca8-a8a5-5193dbd99579)
2026-03-21 18:11:46 [HikariPool-1:connection-adder] DEBUG com.zaxxer.hikari.pool.HikariPool - HikariPool-1 - Added connection com.mysql.cj.jdbc.ConnectionImpl@212801b8
2026-03-21 18:11:47 [HikariPool-1:connection-adder] DEBUG com.zaxxer.hikari.pool.HikariPool - HikariPool-1 - After adding stats (total=11/20, idle=11/20, active=0, waiting=0)
2026-03-21 18:11:47 [HikariPool-1:connection-adder] DEBUG com.zaxxer.hikari.pool.PoolBase - HikariPool-1 - Attempting to create/setup new connection (1a761f46-61a6-45bb-bfab-e82d34e9a451)
2026-03-21 18:11:47 [HikariPool-1:connection-adder] DEBUG com.zaxxer.hikari.pool.PoolBase - HikariPool-1 - Established new connection (1a761f46-61a6-45bb-bfab-e82d34e9a451)
2026-03-21 18:11:47 [HikariPool-1:connection-adder] DEBUG com.zaxxer.hikari.pool.HikariPool - HikariPool-1 - Added connection com.mysql.cj.jdbc.ConnectionImpl@263acb2b
2026-03-21 18:11:47 [HikariPool-1:connection-adder] DEBUG com.zaxxer.hikari.pool.HikariPool - HikariPool-1 - After adding stats (total=12/20, idle=12/20, active=0, waiting=0)
2026-03-21 18:11:47 [HikariPool-1:connection-adder] DEBUG com.zaxxer.hikari.pool.PoolBase - HikariPool-1 - Attempting to create/setup new connection (40e4ce23-dde5-4b29-a629-14117aaab1f1)
2026-03-21 18:11:47 [HikariPool-1:connection-adder] DEBUG com.zaxxer.hikari.pool.PoolBase - HikariPool-1 - Established new connection (40e4ce23-dde5-4b29-a629-14117aaab1f1)
2026-03-21 18:11:47 [HikariPool-1:connection-adder] DEBUG com.zaxxer.hikari.pool.HikariPool - HikariPool-1 - Added connection com.mysql.cj.jdbc.ConnectionImpl@5d74375
2026-03-21 18:11:47 [HikariPool-1:connection-adder] DEBUG com.zaxxer.hikari.pool.HikariPool - HikariPool-1 - After adding stats (total=13/20, idle=13/20, active=0, waiting=0)
2026-03-21 18:11:47 [HikariPool-1:connection-adder] DEBUG com.zaxxer.hikari.pool.PoolBase - HikariPool-1 - Attempting to create/setup new connection (5ffe43cb-3fab-4c68-af86-da210c6f411b)
2026-03-21 18:11:47 [HikariPool-1:connection-adder] DEBUG com.zaxxer.hikari.pool.PoolBase - HikariPool-1 - Established new connection (5ffe43cb-3fab-4c68-af86-da210c6f411b)
2026-03-21 18:11:47 [HikariPool-1:connection-adder] DEBUG com.zaxxer.hikari.pool.HikariPool - HikariPool-1 - Added connection com.mysql.cj.jdbc.ConnectionImpl@51acf4a9
2026-03-21 18:11:47 [HikariPool-1:connection-adder] DEBUG com.zaxxer.hikari.pool.HikariPool - HikariPool-1 - After adding stats (total=14/20, idle=14/20, active=0, waiting=0)
2026-03-21 18:11:47 [HikariPool-1:connection-adder] DEBUG com.zaxxer.hikari.pool.PoolBase - HikariPool-1 - Attempting to create/setup new connection (c703beea-4983-46eb-9dd2-d60780f0e0b8)
2026-03-21 18:11:47 [HikariPool-1:connection-adder] DEBUG com.zaxxer.hikari.pool.PoolBase - HikariPool-1 - Established new connection (c703beea-4983-46eb-9dd2-d60780f0e0b8)
2026-03-21 18:11:47 [HikariPool-1:connection-adder] DEBUG com.zaxxer.hikari.pool.HikariPool - HikariPool-1 - Added connection com.mysql.cj.jdbc.ConnectionImpl@17e958d4
2026-03-21 18:11:47 [HikariPool-1:connection-adder] DEBUG com.zaxxer.hikari.pool.HikariPool - HikariPool-1 - After adding stats (total=15/20, idle=15/20, active=0, waiting=0)
2026-03-21 18:11:47 [HikariPool-1:connection-adder] DEBUG com.zaxxer.hikari.pool.PoolBase - HikariPool-1 - Attempting to create/setup new connection (f4340a9f-860a-421b-b3b8-e20e67b317cf)
2026-03-21 18:11:47 [HikariPool-1:connection-adder] DEBUG com.zaxxer.hikari.pool.PoolBase - HikariPool-1 - Established new connection (f4340a9f-860a-421b-b3b8-e20e67b317cf)
2026-03-21 18:11:47 [HikariPool-1:connection-adder] DEBUG com.zaxxer.hikari.pool.HikariPool - HikariPool-1 - Added connection com.mysql.cj.jdbc.ConnectionImpl@78b178fb
2026-03-21 18:11:47 [HikariPool-1:connection-adder] DEBUG com.zaxxer.hikari.pool.HikariPool - HikariPool-1 - After adding stats (total=16/20, idle=16/20, active=0, waiting=0)
2026-03-21 18:11:47 [HikariPool-1:connection-adder] DEBUG com.zaxxer.hikari.pool.PoolBase - HikariPool-1 - Attempting to create/setup new connection (953feb8a-f37b-4389-a1e3-b526b18ca6ad)
2026-03-21 18:11:47 [HikariPool-1:connection-adder] DEBUG com.zaxxer.hikari.pool.PoolBase - HikariPool-1 - Established new connection (953feb8a-f37b-4389-a1e3-b526b18ca6ad)
2026-03-21 18:11:47 [HikariPool-1:connection-adder] DEBUG com.zaxxer.hikari.pool.HikariPool - HikariPool-1 - Added connection com.mysql.cj.jdbc.ConnectionImpl@5e70ca5a
2026-03-21 18:11:47 [HikariPool-1:connection-adder] DEBUG com.zaxxer.hikari.pool.HikariPool - HikariPool-1 - After adding stats (total=17/20, idle=17/20, active=0, waiting=0)
2026-03-21 18:11:47 [HikariPool-1:connection-adder] DEBUG com.zaxxer.hikari.pool.PoolBase - HikariPool-1 - Attempting to create/setup new connection (07c74def-9b75-4baf-9e0a-f40ee5e563b9)
2026-03-21 18:11:47 [HikariPool-1:connection-adder] DEBUG com.zaxxer.hikari.pool.PoolBase - HikariPool-1 - Established new connection (07c74def-9b75-4baf-9e0a-f40ee5e563b9)
2026-03-21 18:11:47 [HikariPool-1:connection-adder] DEBUG com.zaxxer.hikari.pool.HikariPool - HikariPool-1 - Added connection com.mysql.cj.jdbc.ConnectionImpl@15e20800
2026-03-21 18:11:47 [HikariPool-1:connection-adder] DEBUG com.zaxxer.hikari.pool.HikariPool - HikariPool-1 - After adding stats (total=18/20, idle=18/20, active=0, waiting=0)
2026-03-21 18:11:47 [HikariPool-1:connection-adder] DEBUG com.zaxxer.hikari.pool.PoolBase - HikariPool-1 - Attempting to create/setup new connection (14e115e3-1936-4089-9e4f-ca73bc372a56)
2026-03-21 18:11:47 [HikariPool-1:connection-adder] DEBUG com.zaxxer.hikari.pool.PoolBase - HikariPool-1 - Established new connection (14e115e3-1936-4089-9e4f-ca73bc372a56)
2026-03-21 18:11:47 [HikariPool-1:connection-adder] DEBUG com.zaxxer.hikari.pool.HikariPool - HikariPool-1 - Added connection com.mysql.cj.jdbc.ConnectionImpl@5e61f594
2026-03-21 18:11:47 [HikariPool-1:connection-adder] DEBUG com.zaxxer.hikari.pool.HikariPool - HikariPool-1 - After adding stats (total=19/20, idle=19/20, active=0, waiting=0)
2026-03-21 18:11:47 [HikariPool-1:connection-adder] DEBUG com.zaxxer.hikari.pool.PoolBase - HikariPool-1 - Attempting to create/setup new connection (3d240d88-80c6-41cc-9d70-56c3ff7e3d13)
2026-03-21 18:11:47 [HikariPool-1:connection-adder] DEBUG com.zaxxer.hikari.pool.PoolBase - HikariPool-1 - Established new connection (3d240d88-80c6-41cc-9d70-56c3ff7e3d13)
2026-03-21 18:11:47 [HikariPool-1:connection-adder] DEBUG com.zaxxer.hikari.pool.HikariPool - HikariPool-1 - Added connection com.mysql.cj.jdbc.ConnectionImpl@3edcdf4
2026-03-21 18:11:47 [HikariPool-1:connection-adder] DEBUG com.zaxxer.hikari.pool.HikariPool - HikariPool-1 - After adding stats (total=20/20, idle=20/20, active=0, waiting=0)
2026-03-21 18:11:47 [HikariPool-1:connection-adder] DEBUG com.zaxxer.hikari.pool.HikariPool - HikariPool-1 - Connection not added, stats (total=20/20, idle=20/20, active=0, waiting=0)
2026-03-21 18:12:15 [JavaFX Application Thread] INFO  application.java.manager.LogManager - [棚卸画面] ： [棚卸]ボタン押下
2026-03-21 18:12:15 [JavaFX Application Thread] DEBUG application.java.manager.LogManager - [棚卸画面] ： 棚卸チェック処理
2026-03-21 18:12:16 [HikariPool-1:housekeeper] DEBUG com.zaxxer.hikari.pool.HikariPool - HikariPool-1 - Pool stats (total=20/20, idle=20/20, active=0, waiting=0)
2026-03-21 18:12:16 [HikariPool-1:housekeeper] DEBUG com.zaxxer.hikari.pool.HikariPool - HikariPool-1 - Fill pool skipped, pool has sufficient level or currently being filled.
2026-03-21 18:12:17 [JavaFX Application Thread] DEBUG application.java.manager.LogManager - [棚卸画面] ： 棚卸(更新)処理
2026-03-21 18:12:17 [JavaFX Application Thread] DEBUG application.java.manager.LogManager - [SQL操作クラス] ： トランザクション使用 Bulk処理
2026-03-21 18:12:17 [JavaFX Application Thread] DEBUG application.java.manager.LogManager - [棚卸画面] ： DB 備品(棚卸)データ更新処理
2026-03-21 18:12:17 [JavaFX Application Thread] DEBUG o.a.i.t.jdbc.JdbcTransaction - Opening JDBC Connection
2026-03-21 18:12:17 [JavaFX Application Thread] DEBUG o.a.i.t.jdbc.JdbcTransaction - Setting autocommit to false on JDBC Connection [HikariProxyConnection@1194195354 wrapping com.mysql.cj.jdbc.ConnectionImpl@12059b80]
2026-03-21 18:12:17 [JavaFX Application Thread] DEBUG a.r.m.P.updConfirmedDate - ==>  Preparing: UPDATE stock_data SET confirmed_date = STR_TO_DATE( ?, '%Y/%m/%d') WHERE id = ?
2026-03-21 18:12:17 [JavaFX Application Thread] DEBUG a.r.m.P.updConfirmedDate - ==> Parameters: 2026/03/21(String), 27(Integer)
2026-03-21 18:12:17 [JavaFX Application Thread] DEBUG a.r.m.P.updConfirmedDate - ==> Parameters: 2026/03/21(String), 30(Integer)
2026-03-21 18:12:17 [JavaFX Application Thread] DEBUG a.r.m.P.updConfirmedDate - ==> Parameters: 2026/03/21(String), 28(Integer)
2026-03-21 18:12:17 [JavaFX Application Thread] DEBUG a.r.m.P.updConfirmedDate - ==> Parameters: 2026/03/21(String), 53(Integer)
2026-03-21 18:12:17 [JavaFX Application Thread] DEBUG o.a.i.t.jdbc.JdbcTransaction - Committing JDBC Connection [HikariProxyConnection@1194195354 wrapping com.mysql.cj.jdbc.ConnectionImpl@12059b80]
2026-03-21 18:12:17 [JavaFX Application Thread] DEBUG o.a.i.t.jdbc.JdbcTransaction - Resetting autocommit to true on JDBC Connection [HikariProxyConnection@1194195354 wrapping com.mysql.cj.jdbc.ConnectionImpl@12059b80]
2026-03-21 18:12:17 [JavaFX Application Thread] DEBUG o.a.i.t.jdbc.JdbcTransaction - Closing JDBC Connection [HikariProxyConnection@1194195354 wrapping com.mysql.cj.jdbc.ConnectionImpl@12059b80]
2026-03-21 18:12:17 [JavaFX Application Thread] DEBUG application.java.manager.LogManager - [棚卸画面] ： リスト再表示処理
2026-03-21 18:12:17 [JavaFX Application Thread] DEBUG application.java.manager.LogManager - [SQL操作クラス] ： 非同期処理 SELECT句発行
2026-03-21 18:12:17 [Thread-4] DEBUG application.java.manager.LogManager - [SQL操作クラス] ： SELECT句発行
2026-03-21 18:12:17 [Thread-4] DEBUG application.java.manager.LogManager - [棚卸画面] ： DB 棚卸データ取得処理
2026-03-21 18:12:17 [Thread-4] DEBUG o.a.i.t.jdbc.JdbcTransaction - Opening JDBC Connection
2026-03-21 18:12:17 [Thread-4] DEBUG o.a.i.t.jdbc.JdbcTransaction - Setting autocommit to false on JDBC Connection [HikariProxyConnection@1895250785 wrapping com.mysql.cj.jdbc.ConnectionImpl@12059b80]
2026-03-21 18:12:17 [Thread-4] DEBUG a.r.m.P.getTableInventoryRecords - ==>  Preparing: WITH BASE_TABLE AS ( SELECT DISTINCT SM.serial_no , SD.id FROM stock_type_master STM /* 参照権限を考慮する場合に用いる INNER JOIN stock_type_data STD ON STM.stock_type = STD.stock_type AND STM.stock_code = STD.stock_code*/ INNER JOIN stock_master SM ON STM.stock_type = SM.stock_type AND STM.stock_code = SM.stock_code AND STM.del = FALSE AND SM.del = FALSE /* 棚卸のため、INNER JOINとする */ INNER JOIN stock_data SD ON SM.serial_no = SD.serial_no /* 返却済データの除去 ≒ 最新の備品データを取得 */ AND SD.return_date IS NULL AND SD.del = FALSE WHERE 1 = 1 ) SELECT SM.serial_no AS serialNo , STM.name AS type_name , IFNULL(SM.name, '') AS model , CASE WHEN SM.rent_flg THEN '4' -- 不可 / 貸出可否(TRUEの場合、貸出不可) WHEN DATEDIFF(CURRENT_DATE (), SD.confirmed_date) > 365 THEN '3' -- 不明 / [confirmed_date]：最終所在確認日 が１年前以前(可・貸出中に関わらず不明とする) WHEN SD.staff_no IS NOT NULL AND (DATEDIFF(CURRENT_DATE(), SD.confirmed_date) <= 365 ) THEN '2' -- 貸出中 WHEN SD.staff_no IS NULL AND (DATEDIFF(CURRENT_DATE(), SD.confirmed_date) <= 365 ) THEN '1' -- 可 ELSE '4' -- 不可 / 備品データが未登録の場合など、異常なデータ END AS rentFlg , IFNULL(STF.name, '') AS staffName -- 貸出先ユーザー , IFNULL(DATE_FORMAT(SD.start_date, '%Y/%m/%d'), '-') AS startDate , IFNULL(DATE_FORMAT(SD.limit_date, '%Y/%m/%d'), '-') AS limitDate , IFNULL(DATE_FORMAT(SD.confirmed_date, '%Y/%m/%d'), '-') AS confirmedDate , SM.remarks AS remarks , ? AS inventoryDate -- 初期値の設定(画面側との整合性を保つため、保持した値を用いる) , SM.remarks AS remarksMasterValue -- 更新比較用に現在の「備考」の値を取得ー , SD.id AS stockDataId FROM BASE_TABLE B INNER JOIN stock_master SM ON B.serial_no = SM.serial_no INNER JOIN stock_type_master STM ON SM.stock_type = STM.stock_type AND SM.stock_code = STM.stock_code /* 棚卸のため、INNER JOINとする */ INNER JOIN stock_data SD ON B.id = SD.id /* 未登録データを考慮しLEFT JOINとする */ LEFT JOIN staff_master STF ON SD.staff_no = STF.staff_no WHERE 1 = 1 ORDER BY STM.stock_type , STM.stock_code , SM.serial_no
2026-03-21 18:12:17 [Thread-4] DEBUG a.r.m.P.getTableInventoryRecords - ==> Parameters: 2026/03/21(String)
2026-03-21 18:12:17 [Thread-4] DEBUG a.r.m.P.getTableInventoryRecords - <==      Total: 42
2026-03-21 18:12:17 [Thread-4] DEBUG o.a.i.t.jdbc.JdbcTransaction - Resetting autocommit to true on JDBC Connection [HikariProxyConnection@1895250785 wrapping com.mysql.cj.jdbc.ConnectionImpl@12059b80]
2026-03-21 18:12:17 [Thread-4] DEBUG o.a.i.t.jdbc.JdbcTransaction - Closing JDBC Connection [HikariProxyConnection@1895250785 wrapping com.mysql.cj.jdbc.ConnectionImpl@12059b80]
2026-03-21 18:12:44 [JavaFX Application Thread] INFO  application.java.manager.LogManager - [棚卸画面] ： [棚卸]ボタン押下
2026-03-21 18:12:44 [JavaFX Application Thread] DEBUG application.java.manager.LogManager - [棚卸画面] ： 棚卸チェック処理
2026-03-21 18:12:46 [HikariPool-1:housekeeper] DEBUG com.zaxxer.hikari.pool.HikariPool - HikariPool-1 - Pool stats (total=20/20, idle=20/20, active=0, waiting=0)
2026-03-21 18:12:46 [HikariPool-1:housekeeper] DEBUG com.zaxxer.hikari.pool.HikariPool - HikariPool-1 - Fill pool skipped, pool has sufficient level or currently being filled.
2026-03-21 18:13:16 [HikariPool-1:housekeeper] DEBUG com.zaxxer.hikari.pool.HikariPool - HikariPool-1 - Pool stats (total=20/20, idle=20/20, active=0, waiting=0)
2026-03-21 18:13:16 [HikariPool-1:housekeeper] DEBUG com.zaxxer.hikari.pool.HikariPool - HikariPool-1 - Fill pool skipped, pool has sufficient level or currently being filled.
2026-03-21 18:13:23 [HikariPool-1:housekeeper] DEBUG com.zaxxer.hikari.pool.HikariPool - HikariPool-1 - keepalive: connection com.mysql.cj.jdbc.ConnectionImpl@5d74375 is alive
2026-03-21 18:13:26 [HikariPool-1:housekeeper] DEBUG com.zaxxer.hikari.pool.HikariPool - HikariPool-1 - keepalive: connection com.mysql.cj.jdbc.ConnectionImpl@3edcdf4 is alive
2026-03-21 18:13:26 [HikariPool-1:housekeeper] DEBUG com.zaxxer.hikari.pool.HikariPool - HikariPool-1 - keepalive: connection com.mysql.cj.jdbc.ConnectionImpl@263acb2b is alive
2026-03-21 18:13:29 [HikariPool-1:housekeeper] DEBUG com.zaxxer.hikari.pool.HikariPool - HikariPool-1 - keepalive: connection com.mysql.cj.jdbc.ConnectionImpl@296f499a is alive
2026-03-21 18:13:29 [HikariPool-1:housekeeper] DEBUG com.zaxxer.hikari.pool.HikariPool - HikariPool-1 - keepalive: connection com.mysql.cj.jdbc.ConnectionImpl@12059b80 is alive
2026-03-21 18:13:30 [HikariPool-1:housekeeper] DEBUG com.zaxxer.hikari.pool.HikariPool - HikariPool-1 - keepalive: connection com.mysql.cj.jdbc.ConnectionImpl@4a9a210a is alive
2026-03-21 18:13:31 [HikariPool-1:housekeeper] DEBUG com.zaxxer.hikari.pool.HikariPool - HikariPool-1 - keepalive: connection com.mysql.cj.jdbc.ConnectionImpl@a00a5ef is alive
2026-03-21 18:13:31 [HikariPool-1:housekeeper] DEBUG com.zaxxer.hikari.pool.HikariPool - HikariPool-1 - keepalive: connection com.mysql.cj.jdbc.ConnectionImpl@17e958d4 is alive
2026-03-21 18:13:31 [HikariPool-1:housekeeper] DEBUG com.zaxxer.hikari.pool.HikariPool - HikariPool-1 - keepalive: connection com.mysql.cj.jdbc.ConnectionImpl@78b178fb is alive
2026-03-21 18:13:32 [HikariPool-1:housekeeper] DEBUG com.zaxxer.hikari.pool.HikariPool - HikariPool-1 - keepalive: connection com.mysql.cj.jdbc.ConnectionImpl@69cc1b39 is alive
2026-03-21 18:13:33 [HikariPool-1:housekeeper] DEBUG com.zaxxer.hikari.pool.HikariPool - HikariPool-1 - keepalive: connection com.mysql.cj.jdbc.ConnectionImpl@5e61f594 is alive
2026-03-21 18:13:38 [HikariPool-1:housekeeper] DEBUG com.zaxxer.hikari.pool.HikariPool - HikariPool-1 - keepalive: connection com.mysql.cj.jdbc.ConnectionImpl@51acf4a9 is alive
2026-03-21 18:13:40 [HikariPool-1:housekeeper] DEBUG com.zaxxer.hikari.pool.HikariPool - HikariPool-1 - keepalive: connection com.mysql.cj.jdbc.ConnectionImpl@7dd5fd3 is alive
2026-03-21 18:13:40 [JavaFX Application Thread] INFO  application.java.manager.LogManager - [棚卸画面] ： [メニューに戻る]ボタン押下
2026-03-21 18:13:40 [JavaFX Application Thread] INFO  application.java.manager.LogManager - [備品管理システム メニュー画面] ： 初期化処理
2026-03-21 18:13:40 [JavaFX Application Thread] INFO  application.java.manager.LogManager - 画面展開 [setPage] ： 画面設定・表示処理 開始
2026-03-21 18:13:40 [JavaFX Application Thread] DEBUG application.java.manager.LogManager - Window切替 [setWindowFrame] : TRANSPARENT(透明枠・背景色透明)
2026-03-21 18:13:40 [JavaFX Application Thread] INFO  application.java.manager.LogManager - 画面展開 [setPage] : 備品管理システム メニュー画面
2026-03-21 18:13:41 [HikariPool-1:housekeeper] DEBUG com.zaxxer.hikari.pool.HikariPool - HikariPool-1 - keepalive: connection com.mysql.cj.jdbc.ConnectionImpl@5e70ca5a is alive
2026-03-21 18:13:41 [HikariPool-1:housekeeper] DEBUG com.zaxxer.hikari.pool.HikariPool - HikariPool-1 - keepalive: connection com.mysql.cj.jdbc.ConnectionImpl@25e8ae09 is alive
2026-03-21 18:13:42 [JavaFX Application Thread] INFO  application.java.manager.LogManager - [備品管理システム メニュー画面] ： [貸出業務]ボタン押下
2026-03-21 18:13:42 [JavaFX Application Thread] INFO  application.java.manager.LogManager - [備品一覧画面] ： 初期化処理
2026-03-21 18:13:42 [JavaFX Application Thread] INFO  application.java.manager.LogManager - 画面展開 [setPage] ： 画面設定・表示処理 開始
2026-03-21 18:13:42 [JavaFX Application Thread] DEBUG application.java.manager.LogManager - Window切替 [setWindowFrame] : DECORATED(標準)
2026-03-21 18:13:42 [JavaFX Application Thread] DEBUG application.java.manager.LogManager - [備品一覧画面] ： リスト表示処理
2026-03-21 18:13:42 [JavaFX Application Thread] DEBUG application.java.manager.LogManager - [SQL操作クラス] ： 非同期処理 SELECT句発行
2026-03-21 18:13:42 [Thread-5] DEBUG application.java.manager.LogManager - [SQL操作クラス] ： SELECT句発行
2026-03-21 18:13:42 [JavaFX Application Thread] INFO  application.java.manager.LogManager - 画面展開 [setPage] : 備品一覧画面
2026-03-21 18:13:42 [Thread-5] DEBUG o.a.i.t.jdbc.JdbcTransaction - Opening JDBC Connection
2026-03-21 18:13:42 [Thread-5] DEBUG o.a.i.t.jdbc.JdbcTransaction - Setting autocommit to false on JDBC Connection [HikariProxyConnection@1895693920 wrapping com.mysql.cj.jdbc.ConnectionImpl@12059b80]
2026-03-21 18:13:42 [Thread-5] DEBUG a.r.m.I.getTableRecords - ==>  Preparing: WITH SUB_TOTAL AS ( SELECT ST.stock_type , ST.stock_code , SUM(CASE WHEN SD.staff_no IS NOT NULL AND (DATEDIFF(CURRENT_DATE(), SD.confirmed_date) <= 365 ) THEN 1 ELSE 0 END) AS lending_count -- 貸出備品の数 , SUM(CASE /* 在庫 = [staff_no]：貸出先ユーザーの社員番号 が未設定(NULL) 且つ [return_date]：返却日が未設定(NULL) 且つ [confirmed_date]：最終所在確認日 が１年以内 */ WHEN SD.staff_no IS NULL AND (DATEDIFF(CURRENT_DATE(), SD.confirmed_date) <= 365 ) THEN 1 ELSE 0 END) AS stock_count -- 在庫備品の数 , SUM(CASE /* 不明 = [return_date]：返却日が未設定(NULL) 且つ [confirmed_date]：最終所在確認日 が１年前以前 ※ 貸出中・在庫を問わず１年前以前のデータを不明とする */ WHEN (DATEDIFF(CURRENT_DATE(), SD.confirmed_date) > 365 ) THEN 1 ELSE 0 END) AS unknown_count -- 不明備品の数 FROM (SELECT stock_type , stock_code FROM stock_type_master WHERE 1 = 1 AND del = FALSE) ST INNER JOIN stock_master SM ON ST.stock_type = SM.stock_type AND ST.stock_code = SM.stock_code AND SM.del = FALSE /* 未登録データを考慮しLEFT JOINとする */ LEFT JOIN stock_data SD ON SM.serial_no = SD.serial_no /* 返却済データの除去 */ AND SD.return_date IS NULL AND SD.del = FALSE WHERE 1 = 1 GROUP BY ST.stock_type , ST.stock_code ) SELECT ST.stock_type AS type, ST.stock_code AS code, ST.name AS itemName, IFNULL(S.lending_count, 0) AS loanCount, IFNULL(S.stock_count, 0) AS returnCount, IFNULL(S.unknown_count, 0) AS unknownCount, IFNULL(S.lending_count + S.stock_count, 0) AS totalCount /* 追加項目：遷移先画面サイズ */ , IFNULL( GCM.value_1, '1') AS windowSize FROM stock_type_master ST INNER JOIN SUB_TOTAL S ON ST.stock_type = S.stock_type AND ST.stock_code = S.stock_code /* 追加項目 遷移先画面サイズ */ LEFT JOIN generic_code_master GCM ON CAST(ST.stock_type AS CHAR) = GCM.type_key AND ST.stock_code = GCM.code AND GCM.generic_key = 'WINDOW_SIZE' WHERE 1 = 1 ORDER BY ST.stock_type , St.stock_code
2026-03-21 18:13:42 [Thread-5] DEBUG a.r.m.I.getTableRecords - ==> Parameters: 
2026-03-21 18:13:42 [Thread-5] DEBUG a.r.m.I.getTableRecords - <==      Total: 16
2026-03-21 18:13:42 [Thread-5] DEBUG o.a.i.t.jdbc.JdbcTransaction - Resetting autocommit to true on JDBC Connection [HikariProxyConnection@1895693920 wrapping com.mysql.cj.jdbc.ConnectionImpl@12059b80]
2026-03-21 18:13:42 [Thread-5] DEBUG o.a.i.t.jdbc.JdbcTransaction - Closing JDBC Connection [HikariProxyConnection@1895693920 wrapping com.mysql.cj.jdbc.ConnectionImpl@12059b80]
2026-03-21 18:13:44 [HikariPool-1:housekeeper] DEBUG com.zaxxer.hikari.pool.HikariPool - HikariPool-1 - keepalive: connection com.mysql.cj.jdbc.ConnectionImpl@72c8b65d is alive
2026-03-21 18:13:45 [HikariPool-1:housekeeper] DEBUG com.zaxxer.hikari.pool.HikariPool - HikariPool-1 - keepalive: connection com.mysql.cj.jdbc.ConnectionImpl@61fda5b0 is alive
2026-03-21 18:13:46 [HikariPool-1:housekeeper] DEBUG com.zaxxer.hikari.pool.HikariPool - HikariPool-1 - keepalive: connection com.mysql.cj.jdbc.ConnectionImpl@3f902b3a is alive
2026-03-21 18:13:46 [HikariPool-1:housekeeper] DEBUG com.zaxxer.hikari.pool.HikariPool - HikariPool-1 - Pool stats (total=20/20, idle=20/20, active=0, waiting=0)
2026-03-21 18:13:46 [HikariPool-1:housekeeper] DEBUG com.zaxxer.hikari.pool.HikariPool - HikariPool-1 - Fill pool skipped, pool has sufficient level or currently being filled.
2026-03-21 18:13:46 [HikariPool-1:housekeeper] DEBUG com.zaxxer.hikari.pool.HikariPool - HikariPool-1 - keepalive: connection com.mysql.cj.jdbc.ConnectionImpl@15e20800 is alive
2026-03-21 18:13:46 [HikariPool-1:housekeeper] DEBUG com.zaxxer.hikari.pool.HikariPool - HikariPool-1 - keepalive: connection com.mysql.cj.jdbc.ConnectionImpl@212801b8 is alive
2026-03-21 18:13:50 [JavaFX Application Thread] DEBUG application.java.manager.LogManager - [備品一覧画面] ： 選択行 分類種別: 11 分類コード: 1 遷移先画面サイズ : [2]
2026-03-21 18:13:50 [JavaFX Application Thread] INFO  application.java.manager.LogManager - [備品詳細画面] ： 初期化処理
2026-03-21 18:13:50 [JavaFX Application Thread] INFO  application.java.manager.LogManager - 画面展開 [setPage] ： 画面設定・表示処理 開始
2026-03-21 18:13:50 [JavaFX Application Thread] DEBUG application.java.manager.LogManager - [備品詳細画面] ： リスト表示処理
2026-03-21 18:13:50 [JavaFX Application Thread] DEBUG application.java.manager.LogManager - [SQL操作クラス] ： 非同期処理 SELECT句発行
2026-03-21 18:13:50 [Thread-6] DEBUG application.java.manager.LogManager - [SQL操作クラス] ： SELECT句発行
2026-03-21 18:13:50 [Thread-6] DEBUG application.java.manager.LogManager - [備品詳細画面] ： DB 備品詳細データ取得処理
2026-03-21 18:13:50 [Thread-6] DEBUG o.a.i.t.jdbc.JdbcTransaction - Opening JDBC Connection
2026-03-21 18:13:50 [Thread-6] DEBUG o.a.i.t.jdbc.JdbcTransaction - Setting autocommit to false on JDBC Connection [HikariProxyConnection@777655008 wrapping com.mysql.cj.jdbc.ConnectionImpl@12059b80]
2026-03-21 18:13:50 [Thread-6] DEBUG a.r.m.I.getTableDetailRecords - ==>  Preparing: WITH BASE_TABLE AS ( SELECT DISTINCT SM.serial_no , SD.id FROM stock_type_master STM /* 参照権限を考慮する場合に用いる INNER JOIN stock_type_data STD ON STM.stock_type = STD.stock_type AND STM.stock_code = STD.stock_code*/ INNER JOIN stock_master SM ON STM.stock_type = SM.stock_type AND STM.stock_code = SM.stock_code AND STM.del = FALSE AND SM.del = FALSE /* 未登録データを考慮しLEFT JOINとする */ LEFT JOIN stock_data SD ON SM.serial_no = SD.serial_no /* 返却済データの除去 ≒ 最新の備品データを取得 */ AND SD.return_date IS NULL AND SD.del = FALSE WHERE 1 = 1 AND STM.stock_type = ? AND STM.stock_code = ? ) SELECT STM.name AS type_name , SM.serial_no AS serialNo , IFNULL(STF.name, '') AS staffName -- 貸出先ユーザー /* DataViewとの整合性を考慮しString型とする */ , CASE WHEN SM.rent_flg THEN '4' -- 不可 / 貸出可否(TRUEの場合、貸出不可) /* 返却処理に含めるため、[貸出中]で[不明]のデータを分ける */ WHEN SD.staff_no IS NOT NULL AND DATEDIFF(CURRENT_DATE (), SD.confirmed_date) > 365 THEN '5' -- 不明 / 可否表示は不明だがデータの種別は分ける [confirmed_date]：最終所在確認日 が１年前以前(可・貸出中に関わらず不明とする) WHEN DATEDIFF(CURRENT_DATE (), SD.confirmed_date) > 365 THEN '3' -- 不明 / [confirmed_date]：最終所在確認日 が１年前以前(可・貸出中に関わらず不明とする) WHEN SD.staff_no IS NOT NULL AND (DATEDIFF(CURRENT_DATE(), SD.confirmed_date) <= 365 ) THEN '2' -- 貸出中 WHEN SD.staff_no IS NULL AND (DATEDIFF(CURRENT_DATE(), SD.confirmed_date) <= 365 ) THEN '1' -- 可 ELSE '4' -- 不可 / 備品データが未登録の場合など、異常なデータ END AS rentFlg , IFNULL(DATE_FORMAT(SD.start_date, '%Y/%m/%d'), '-') AS startDate , IFNULL(DATE_FORMAT(SD.limit_date, '%Y/%m/%d'), '-') AS limitDate , IFNULL(DATE_FORMAT(SD.confirmed_date, '%Y/%m/%d'), '-') AS confirmedDate , SM.name AS model , SM.maker AS maker , IFNULL(SD.parent_stock_code, '-') AS destinationSerialNo -- 親シリアルナンバー , GCM.value_1 AS type , IFNULL(DATE_FORMAT(SM.expiry_date, '%Y/%m/%d'), '-') AS leaseDate , SM.remarks AS remarks , SM.stock_type , SM.stock_code , SD.id AS stockDataId , SD.staff_no AS staff_no FROM BASE_TABLE B INNER JOIN stock_master SM ON B.serial_no = SM.serial_no INNER JOIN stock_type_master STM ON SM.stock_type = STM.stock_type AND SM.stock_code = STM.stock_code /* 未登録データを考慮しLEFT JOINとする */ LEFT JOIN stock_data SD ON B.id = SD.id /* 未登録データを考慮しLEFT JOINとする */ LEFT JOIN staff_master STF ON SD.staff_no = STF.staff_no /* 未登録データを考慮しLEFT JOINとする */ LEFT JOIN generic_code_master GCM ON SM.asset_type = GCM.type_key AND GCM.generic_key = 'ASSET_TYPE' WHERE 1 = 1 ORDER BY SM.serial_no
2026-03-21 18:13:50 [Thread-6] DEBUG a.r.m.I.getTableDetailRecords - ==> Parameters: 11(Integer), 1(String)
2026-03-21 18:13:50 [Thread-6] DEBUG a.r.m.I.getTableDetailRecords - <==      Total: 3
2026-03-21 18:13:50 [Thread-6] DEBUG o.a.i.t.jdbc.JdbcTransaction - Resetting autocommit to true on JDBC Connection [HikariProxyConnection@777655008 wrapping com.mysql.cj.jdbc.ConnectionImpl@12059b80]
2026-03-21 18:13:50 [Thread-6] DEBUG o.a.i.t.jdbc.JdbcTransaction - Closing JDBC Connection [HikariProxyConnection@777655008 wrapping com.mysql.cj.jdbc.ConnectionImpl@12059b80]
2026-03-21 18:13:50 [JavaFX Application Thread] INFO  application.java.manager.LogManager - 画面展開 [setPage] : 備品詳細画面
2026-03-21 18:13:57 [JavaFX Application Thread] INFO  application.java.manager.LogManager - [備品詳細画面] ： [一覧に戻る]ボタン押下
2026-03-21 18:13:57 [JavaFX Application Thread] INFO  application.java.manager.LogManager - [備品一覧画面] ： 初期化処理
2026-03-21 18:13:57 [JavaFX Application Thread] INFO  application.java.manager.LogManager - 画面展開 [setPage] ： 画面設定・表示処理 開始
2026-03-21 18:13:57 [JavaFX Application Thread] DEBUG application.java.manager.LogManager - [備品一覧画面] ： リスト表示処理
2026-03-21 18:13:57 [JavaFX Application Thread] DEBUG application.java.manager.LogManager - [SQL操作クラス] ： 非同期処理 SELECT句発行
2026-03-21 18:13:57 [Thread-7] DEBUG application.java.manager.LogManager - [SQL操作クラス] ： SELECT句発行
2026-03-21 18:13:57 [Thread-7] DEBUG o.a.i.t.jdbc.JdbcTransaction - Opening JDBC Connection
2026-03-21 18:13:57 [Thread-7] DEBUG o.a.i.t.jdbc.JdbcTransaction - Setting autocommit to false on JDBC Connection [HikariProxyConnection@2024135488 wrapping com.mysql.cj.jdbc.ConnectionImpl@12059b80]
2026-03-21 18:13:57 [Thread-7] DEBUG a.r.m.I.getTableRecords - ==>  Preparing: WITH SUB_TOTAL AS ( SELECT ST.stock_type , ST.stock_code , SUM(CASE WHEN SD.staff_no IS NOT NULL AND (DATEDIFF(CURRENT_DATE(), SD.confirmed_date) <= 365 ) THEN 1 ELSE 0 END) AS lending_count -- 貸出備品の数 , SUM(CASE /* 在庫 = [staff_no]：貸出先ユーザーの社員番号 が未設定(NULL) 且つ [return_date]：返却日が未設定(NULL) 且つ [confirmed_date]：最終所在確認日 が１年以内 */ WHEN SD.staff_no IS NULL AND (DATEDIFF(CURRENT_DATE(), SD.confirmed_date) <= 365 ) THEN 1 ELSE 0 END) AS stock_count -- 在庫備品の数 , SUM(CASE /* 不明 = [return_date]：返却日が未設定(NULL) 且つ [confirmed_date]：最終所在確認日 が１年前以前 ※ 貸出中・在庫を問わず１年前以前のデータを不明とする */ WHEN (DATEDIFF(CURRENT_DATE(), SD.confirmed_date) > 365 ) THEN 1 ELSE 0 END) AS unknown_count -- 不明備品の数 FROM (SELECT stock_type , stock_code FROM stock_type_master WHERE 1 = 1 AND del = FALSE) ST INNER JOIN stock_master SM ON ST.stock_type = SM.stock_type AND ST.stock_code = SM.stock_code AND SM.del = FALSE /* 未登録データを考慮しLEFT JOINとする */ LEFT JOIN stock_data SD ON SM.serial_no = SD.serial_no /* 返却済データの除去 */ AND SD.return_date IS NULL AND SD.del = FALSE WHERE 1 = 1 GROUP BY ST.stock_type , ST.stock_code ) SELECT ST.stock_type AS type, ST.stock_code AS code, ST.name AS itemName, IFNULL(S.lending_count, 0) AS loanCount, IFNULL(S.stock_count, 0) AS returnCount, IFNULL(S.unknown_count, 0) AS unknownCount, IFNULL(S.lending_count + S.stock_count, 0) AS totalCount /* 追加項目：遷移先画面サイズ */ , IFNULL( GCM.value_1, '1') AS windowSize FROM stock_type_master ST INNER JOIN SUB_TOTAL S ON ST.stock_type = S.stock_type AND ST.stock_code = S.stock_code /* 追加項目 遷移先画面サイズ */ LEFT JOIN generic_code_master GCM ON CAST(ST.stock_type AS CHAR) = GCM.type_key AND ST.stock_code = GCM.code AND GCM.generic_key = 'WINDOW_SIZE' WHERE 1 = 1 ORDER BY ST.stock_type , St.stock_code
2026-03-21 18:13:57 [Thread-7] DEBUG a.r.m.I.getTableRecords - ==> Parameters: 
2026-03-21 18:13:57 [JavaFX Application Thread] INFO  application.java.manager.LogManager - 画面展開 [setPage] : 備品一覧画面
2026-03-21 18:13:57 [Thread-7] DEBUG a.r.m.I.getTableRecords - <==      Total: 16
2026-03-21 18:13:57 [Thread-7] DEBUG o.a.i.t.jdbc.JdbcTransaction - Resetting autocommit to true on JDBC Connection [HikariProxyConnection@2024135488 wrapping com.mysql.cj.jdbc.ConnectionImpl@12059b80]
2026-03-21 18:13:57 [Thread-7] DEBUG o.a.i.t.jdbc.JdbcTransaction - Closing JDBC Connection [HikariProxyConnection@2024135488 wrapping com.mysql.cj.jdbc.ConnectionImpl@12059b80]
2026-03-21 18:13:58 [JavaFX Application Thread] INFO  application.java.manager.LogManager - [備品一覧画面] ： [メニューに戻る]ボタン押下
2026-03-21 18:13:58 [JavaFX Application Thread] INFO  application.java.manager.LogManager - [備品管理システム メニュー画面] ： 初期化処理
2026-03-21 18:13:58 [JavaFX Application Thread] INFO  application.java.manager.LogManager - 画面展開 [setPage] ： 画面設定・表示処理 開始
2026-03-21 18:13:58 [JavaFX Application Thread] DEBUG application.java.manager.LogManager - Window切替 [setWindowFrame] : TRANSPARENT(透明枠・背景色透明)
2026-03-21 18:13:58 [JavaFX Application Thread] INFO  application.java.manager.LogManager - 画面展開 [setPage] : 備品管理システム メニュー画面
2026-03-21 18:14:08 [JavaFX Application Thread] INFO  application.java.manager.LogManager - [備品管理システム メニュー画面] ： [棚卸業務]ボタン押下
2026-03-21 18:14:08 [JavaFX Application Thread] INFO  application.java.manager.LogManager - [棚卸画面] ： 初期化処理
2026-03-21 18:14:08 [JavaFX Application Thread] INFO  application.java.manager.LogManager - 画面展開 [setPage] ： 画面設定・表示処理 開始
2026-03-21 18:14:08 [JavaFX Application Thread] DEBUG application.java.manager.LogManager - Window切替 [setWindowFrame] : DECORATED(標準)
2026-03-21 18:14:08 [JavaFX Application Thread] DEBUG application.java.manager.LogManager - [棚卸画面] ： リスト表示処理
2026-03-21 18:14:08 [JavaFX Application Thread] DEBUG application.java.manager.LogManager - [SQL操作クラス] ： 非同期処理 SELECT句発行
2026-03-21 18:14:08 [Thread-8] DEBUG application.java.manager.LogManager - [SQL操作クラス] ： SELECT句発行
2026-03-21 18:14:08 [Thread-8] DEBUG application.java.manager.LogManager - [棚卸画面] ： DB 棚卸データ取得処理
2026-03-21 18:14:08 [Thread-8] DEBUG o.a.i.t.jdbc.JdbcTransaction - Opening JDBC Connection
2026-03-21 18:14:08 [Thread-8] DEBUG o.a.i.t.jdbc.JdbcTransaction - Setting autocommit to false on JDBC Connection [HikariProxyConnection@617896070 wrapping com.mysql.cj.jdbc.ConnectionImpl@12059b80]
2026-03-21 18:14:08 [JavaFX Application Thread] INFO  application.java.manager.LogManager - 画面展開 [setPage] : 棚卸画面
2026-03-21 18:14:08 [Thread-8] DEBUG a.r.m.P.getTableInventoryRecords - ==>  Preparing: WITH BASE_TABLE AS ( SELECT DISTINCT SM.serial_no , SD.id FROM stock_type_master STM /* 参照権限を考慮する場合に用いる INNER JOIN stock_type_data STD ON STM.stock_type = STD.stock_type AND STM.stock_code = STD.stock_code*/ INNER JOIN stock_master SM ON STM.stock_type = SM.stock_type AND STM.stock_code = SM.stock_code AND STM.del = FALSE AND SM.del = FALSE /* 棚卸のため、INNER JOINとする */ INNER JOIN stock_data SD ON SM.serial_no = SD.serial_no /* 返却済データの除去 ≒ 最新の備品データを取得 */ AND SD.return_date IS NULL AND SD.del = FALSE WHERE 1 = 1 ) SELECT SM.serial_no AS serialNo , STM.name AS type_name , IFNULL(SM.name, '') AS model , CASE WHEN SM.rent_flg THEN '4' -- 不可 / 貸出可否(TRUEの場合、貸出不可) WHEN DATEDIFF(CURRENT_DATE (), SD.confirmed_date) > 365 THEN '3' -- 不明 / [confirmed_date]：最終所在確認日 が１年前以前(可・貸出中に関わらず不明とする) WHEN SD.staff_no IS NOT NULL AND (DATEDIFF(CURRENT_DATE(), SD.confirmed_date) <= 365 ) THEN '2' -- 貸出中 WHEN SD.staff_no IS NULL AND (DATEDIFF(CURRENT_DATE(), SD.confirmed_date) <= 365 ) THEN '1' -- 可 ELSE '4' -- 不可 / 備品データが未登録の場合など、異常なデータ END AS rentFlg , IFNULL(STF.name, '') AS staffName -- 貸出先ユーザー , IFNULL(DATE_FORMAT(SD.start_date, '%Y/%m/%d'), '-') AS startDate , IFNULL(DATE_FORMAT(SD.limit_date, '%Y/%m/%d'), '-') AS limitDate , IFNULL(DATE_FORMAT(SD.confirmed_date, '%Y/%m/%d'), '-') AS confirmedDate , SM.remarks AS remarks , ? AS inventoryDate -- 初期値の設定(画面側との整合性を保つため、保持した値を用いる) , SM.remarks AS remarksMasterValue -- 更新比較用に現在の「備考」の値を取得ー , SD.id AS stockDataId FROM BASE_TABLE B INNER JOIN stock_master SM ON B.serial_no = SM.serial_no INNER JOIN stock_type_master STM ON SM.stock_type = STM.stock_type AND SM.stock_code = STM.stock_code /* 棚卸のため、INNER JOINとする */ INNER JOIN stock_data SD ON B.id = SD.id /* 未登録データを考慮しLEFT JOINとする */ LEFT JOIN staff_master STF ON SD.staff_no = STF.staff_no WHERE 1 = 1 ORDER BY STM.stock_type , STM.stock_code , SM.serial_no
2026-03-21 18:14:08 [Thread-8] DEBUG a.r.m.P.getTableInventoryRecords - ==> Parameters: 2026/03/21(String)
2026-03-21 18:14:08 [Thread-8] DEBUG a.r.m.P.getTableInventoryRecords - <==      Total: 42
2026-03-21 18:14:08 [Thread-8] DEBUG o.a.i.t.jdbc.JdbcTransaction - Resetting autocommit to true on JDBC Connection [HikariProxyConnection@617896070 wrapping com.mysql.cj.jdbc.ConnectionImpl@12059b80]
2026-03-21 18:14:08 [Thread-8] DEBUG o.a.i.t.jdbc.JdbcTransaction - Closing JDBC Connection [HikariProxyConnection@617896070 wrapping com.mysql.cj.jdbc.ConnectionImpl@12059b80]
2026-03-21 18:14:16 [HikariPool-1:housekeeper] DEBUG com.zaxxer.hikari.pool.HikariPool - HikariPool-1 - Pool stats (total=20/20, idle=20/20, active=0, waiting=0)
2026-03-21 18:14:16 [HikariPool-1:housekeeper] DEBUG com.zaxxer.hikari.pool.HikariPool - HikariPool-1 - Fill pool skipped, pool has sufficient level or currently being filled.
2026-03-21 18:14:17 [JavaFX Application Thread] INFO  application.java.manager.LogManager - [棚卸画面] ： [メニューに戻る]ボタン押下
2026-03-21 18:14:17 [JavaFX Application Thread] INFO  application.java.manager.LogManager - [備品管理システム メニュー画面] ： 初期化処理
2026-03-21 18:14:17 [JavaFX Application Thread] INFO  application.java.manager.LogManager - 画面展開 [setPage] ： 画面設定・表示処理 開始
2026-03-21 18:14:17 [JavaFX Application Thread] DEBUG application.java.manager.LogManager - Window切替 [setWindowFrame] : TRANSPARENT(透明枠・背景色透明)
2026-03-21 18:14:17 [JavaFX Application Thread] INFO  application.java.manager.LogManager - 画面展開 [setPage] : 備品管理システム メニュー画面
2026-03-21 18:14:20 [JavaFX Application Thread] INFO  application.java.manager.LogManager - [備品管理システム メニュー画面] ： [貸出業務]ボタン押下
2026-03-21 18:14:20 [JavaFX Application Thread] INFO  application.java.manager.LogManager - [備品一覧画面] ： 初期化処理
2026-03-21 18:14:20 [JavaFX Application Thread] INFO  application.java.manager.LogManager - 画面展開 [setPage] ： 画面設定・表示処理 開始
2026-03-21 18:14:20 [JavaFX Application Thread] DEBUG application.java.manager.LogManager - Window切替 [setWindowFrame] : DECORATED(標準)
2026-03-21 18:14:20 [JavaFX Application Thread] DEBUG application.java.manager.LogManager - [備品一覧画面] ： リスト表示処理
2026-03-21 18:14:20 [JavaFX Application Thread] DEBUG application.java.manager.LogManager - [SQL操作クラス] ： 非同期処理 SELECT句発行
2026-03-21 18:14:20 [Thread-9] DEBUG application.java.manager.LogManager - [SQL操作クラス] ： SELECT句発行
2026-03-21 18:14:20 [Thread-9] DEBUG o.a.i.t.jdbc.JdbcTransaction - Opening JDBC Connection
2026-03-21 18:14:20 [JavaFX Application Thread] INFO  application.java.manager.LogManager - 画面展開 [setPage] : 備品一覧画面
2026-03-21 18:14:20 [Thread-9] DEBUG o.a.i.t.jdbc.JdbcTransaction - Setting autocommit to false on JDBC Connection [HikariProxyConnection@1021361475 wrapping com.mysql.cj.jdbc.ConnectionImpl@12059b80]
2026-03-21 18:14:20 [Thread-9] DEBUG a.r.m.I.getTableRecords - ==>  Preparing: WITH SUB_TOTAL AS ( SELECT ST.stock_type , ST.stock_code , SUM(CASE WHEN SD.staff_no IS NOT NULL AND (DATEDIFF(CURRENT_DATE(), SD.confirmed_date) <= 365 ) THEN 1 ELSE 0 END) AS lending_count -- 貸出備品の数 , SUM(CASE /* 在庫 = [staff_no]：貸出先ユーザーの社員番号 が未設定(NULL) 且つ [return_date]：返却日が未設定(NULL) 且つ [confirmed_date]：最終所在確認日 が１年以内 */ WHEN SD.staff_no IS NULL AND (DATEDIFF(CURRENT_DATE(), SD.confirmed_date) <= 365 ) THEN 1 ELSE 0 END) AS stock_count -- 在庫備品の数 , SUM(CASE /* 不明 = [return_date]：返却日が未設定(NULL) 且つ [confirmed_date]：最終所在確認日 が１年前以前 ※ 貸出中・在庫を問わず１年前以前のデータを不明とする */ WHEN (DATEDIFF(CURRENT_DATE(), SD.confirmed_date) > 365 ) THEN 1 ELSE 0 END) AS unknown_count -- 不明備品の数 FROM (SELECT stock_type , stock_code FROM stock_type_master WHERE 1 = 1 AND del = FALSE) ST INNER JOIN stock_master SM ON ST.stock_type = SM.stock_type AND ST.stock_code = SM.stock_code AND SM.del = FALSE /* 未登録データを考慮しLEFT JOINとする */ LEFT JOIN stock_data SD ON SM.serial_no = SD.serial_no /* 返却済データの除去 */ AND SD.return_date IS NULL AND SD.del = FALSE WHERE 1 = 1 GROUP BY ST.stock_type , ST.stock_code ) SELECT ST.stock_type AS type, ST.stock_code AS code, ST.name AS itemName, IFNULL(S.lending_count, 0) AS loanCount, IFNULL(S.stock_count, 0) AS returnCount, IFNULL(S.unknown_count, 0) AS unknownCount, IFNULL(S.lending_count + S.stock_count, 0) AS totalCount /* 追加項目：遷移先画面サイズ */ , IFNULL( GCM.value_1, '1') AS windowSize FROM stock_type_master ST INNER JOIN SUB_TOTAL S ON ST.stock_type = S.stock_type AND ST.stock_code = S.stock_code /* 追加項目 遷移先画面サイズ */ LEFT JOIN generic_code_master GCM ON CAST(ST.stock_type AS CHAR) = GCM.type_key AND ST.stock_code = GCM.code AND GCM.generic_key = 'WINDOW_SIZE' WHERE 1 = 1 ORDER BY ST.stock_type , St.stock_code
2026-03-21 18:14:20 [Thread-9] DEBUG a.r.m.I.getTableRecords - ==> Parameters: 
2026-03-21 18:14:20 [Thread-9] DEBUG a.r.m.I.getTableRecords - <==      Total: 16
2026-03-21 18:14:20 [Thread-9] DEBUG o.a.i.t.jdbc.JdbcTransaction - Resetting autocommit to true on JDBC Connection [HikariProxyConnection@1021361475 wrapping com.mysql.cj.jdbc.ConnectionImpl@12059b80]
2026-03-21 18:14:20 [Thread-9] DEBUG o.a.i.t.jdbc.JdbcTransaction - Closing JDBC Connection [HikariProxyConnection@1021361475 wrapping com.mysql.cj.jdbc.ConnectionImpl@12059b80]
2026-03-21 18:14:46 [HikariPool-1:housekeeper] DEBUG com.zaxxer.hikari.pool.HikariPool - HikariPool-1 - Pool stats (total=20/20, idle=20/20, active=0, waiting=0)
2026-03-21 18:14:46 [HikariPool-1:housekeeper] DEBUG com.zaxxer.hikari.pool.HikariPool - HikariPool-1 - Fill pool skipped, pool has sufficient level or currently being filled.
2026-03-21 18:15:00 [HikariPool-1:housekeeper] DEBUG com.zaxxer.hikari.pool.HikariPool - HikariPool-1 - keepalive: connection com.mysql.cj.jdbc.ConnectionImpl@5d74375 is alive
2026-03-21 18:15:04 [HikariPool-1:housekeeper] DEBUG com.zaxxer.hikari.pool.HikariPool - HikariPool-1 - keepalive: connection com.mysql.cj.jdbc.ConnectionImpl@3edcdf4 is alive
2026-03-21 18:15:06 [HikariPool-1:housekeeper] DEBUG com.zaxxer.hikari.pool.HikariPool - HikariPool-1 - keepalive: connection com.mysql.cj.jdbc.ConnectionImpl@263acb2b is alive
2026-03-21 18:15:13 [HikariPool-1:housekeeper] DEBUG com.zaxxer.hikari.pool.HikariPool - HikariPool-1 - keepalive: connection com.mysql.cj.jdbc.ConnectionImpl@296f499a is alive
2026-03-21 18:15:13 [HikariPool-1:housekeeper] DEBUG com.zaxxer.hikari.pool.HikariPool - HikariPool-1 - keepalive: connection com.mysql.cj.jdbc.ConnectionImpl@12059b80 is alive
2026-03-21 18:15:13 [HikariPool-1:housekeeper] DEBUG com.zaxxer.hikari.pool.HikariPool - HikariPool-1 - keepalive: connection com.mysql.cj.jdbc.ConnectionImpl@4a9a210a is alive
2026-03-21 18:15:16 [HikariPool-1:housekeeper] DEBUG com.zaxxer.hikari.pool.HikariPool - HikariPool-1 - keepalive: connection com.mysql.cj.jdbc.ConnectionImpl@17e958d4 is alive
2026-03-21 18:15:16 [HikariPool-1:housekeeper] DEBUG com.zaxxer.hikari.pool.HikariPool - HikariPool-1 - keepalive: connection com.mysql.cj.jdbc.ConnectionImpl@a00a5ef is alive
2026-03-21 18:15:16 [HikariPool-1:housekeeper] DEBUG com.zaxxer.hikari.pool.HikariPool - HikariPool-1 - keepalive: connection com.mysql.cj.jdbc.ConnectionImpl@78b178fb is alive
2026-03-21 18:15:16 [HikariPool-1:housekeeper] DEBUG com.zaxxer.hikari.pool.HikariPool - HikariPool-1 - Pool stats (total=20/20, idle=20/20, active=0, waiting=0)
2026-03-21 18:15:16 [HikariPool-1:housekeeper] DEBUG com.zaxxer.hikari.pool.HikariPool - HikariPool-1 - Fill pool skipped, pool has sufficient level or currently being filled.
2026-03-21 18:15:17 [HikariPool-1:housekeeper] DEBUG com.zaxxer.hikari.pool.HikariPool - HikariPool-1 - keepalive: connection com.mysql.cj.jdbc.ConnectionImpl@69cc1b39 is alive
2026-03-21 18:15:20 [HikariPool-1:housekeeper] DEBUG com.zaxxer.hikari.pool.HikariPool - HikariPool-1 - keepalive: connection com.mysql.cj.jdbc.ConnectionImpl@5e61f594 is alive
2026-03-21 18:15:29 [HikariPool-1:housekeeper] DEBUG com.zaxxer.hikari.pool.HikariPool - HikariPool-1 - keepalive: connection com.mysql.cj.jdbc.ConnectionImpl@51acf4a9 is alive
2026-03-21 18:15:33 [HikariPool-1:housekeeper] DEBUG com.zaxxer.hikari.pool.HikariPool - HikariPool-1 - keepalive: connection com.mysql.cj.jdbc.ConnectionImpl@7dd5fd3 is alive
2026-03-21 18:15:35 [HikariPool-1:housekeeper] DEBUG com.zaxxer.hikari.pool.HikariPool - HikariPool-1 - keepalive: connection com.mysql.cj.jdbc.ConnectionImpl@5e70ca5a is alive
2026-03-21 18:15:36 [HikariPool-1:housekeeper] DEBUG com.zaxxer.hikari.pool.HikariPool - HikariPool-1 - keepalive: connection com.mysql.cj.jdbc.ConnectionImpl@25e8ae09 is alive
2026-03-21 18:15:41 [HikariPool-1:housekeeper] DEBUG com.zaxxer.hikari.pool.HikariPool - HikariPool-1 - keepalive: connection com.mysql.cj.jdbc.ConnectionImpl@72c8b65d is alive
2026-03-21 18:15:44 [HikariPool-1:housekeeper] DEBUG com.zaxxer.hikari.pool.HikariPool - HikariPool-1 - keepalive: connection com.mysql.cj.jdbc.ConnectionImpl@61fda5b0 is alive
2026-03-21 18:15:45 [HikariPool-1:housekeeper] DEBUG com.zaxxer.hikari.pool.HikariPool - HikariPool-1 - keepalive: connection com.mysql.cj.jdbc.ConnectionImpl@3f902b3a is alive
2026-03-21 18:15:45 [HikariPool-1:housekeeper] DEBUG com.zaxxer.hikari.pool.HikariPool - HikariPool-1 - keepalive: connection com.mysql.cj.jdbc.ConnectionImpl@15e20800 is alive
2026-03-21 18:15:46 [HikariPool-1:housekeeper] DEBUG com.zaxxer.hikari.pool.HikariPool - HikariPool-1 - Pool stats (total=20/20, idle=20/20, active=0, waiting=0)
2026-03-21 18:15:46 [HikariPool-1:housekeeper] DEBUG com.zaxxer.hikari.pool.HikariPool - HikariPool-1 - Fill pool skipped, pool has sufficient level or currently being filled.
2026-03-21 18:15:46 [HikariPool-1:housekeeper] DEBUG com.zaxxer.hikari.pool.HikariPool - HikariPool-1 - keepalive: connection com.mysql.cj.jdbc.ConnectionImpl@212801b8 is alive
2026-03-21 18:16:16 [HikariPool-1:housekeeper] DEBUG com.zaxxer.hikari.pool.HikariPool - HikariPool-1 - Pool stats (total=20/20, idle=20/20, active=0, waiting=0)
2026-03-21 18:16:16 [HikariPool-1:housekeeper] DEBUG com.zaxxer.hikari.pool.HikariPool - HikariPool-1 - Fill pool skipped, pool has sufficient level or currently being filled.
2026-03-21 18:16:37 [HikariPool-1:housekeeper] DEBUG com.zaxxer.hikari.pool.HikariPool - HikariPool-1 - keepalive: connection com.mysql.cj.jdbc.ConnectionImpl@5d74375 is alive
2026-03-21 18:16:43 [HikariPool-1:housekeeper] DEBUG com.zaxxer.hikari.pool.HikariPool - HikariPool-1 - keepalive: connection com.mysql.cj.jdbc.ConnectionImpl@3edcdf4 is alive
2026-03-21 18:16:45 [HikariPool-1:housekeeper] DEBUG com.zaxxer.hikari.pool.HikariPool - HikariPool-1 - keepalive: connection com.mysql.cj.jdbc.ConnectionImpl@263acb2b is alive
2026-03-21 18:16:46 [HikariPool-1:housekeeper] DEBUG com.zaxxer.hikari.pool.HikariPool - HikariPool-1 - Pool stats (total=20/20, idle=20/20, active=0, waiting=0)
2026-03-21 18:16:46 [HikariPool-1:housekeeper] DEBUG com.zaxxer.hikari.pool.HikariPool - HikariPool-1 - Fill pool skipped, pool has sufficient level or currently being filled.
2026-03-21 18:16:56 [HikariPool-1:housekeeper] DEBUG com.zaxxer.hikari.pool.HikariPool - HikariPool-1 - keepalive: connection com.mysql.cj.jdbc.ConnectionImpl@296f499a is alive
2026-03-21 18:16:56 [HikariPool-1:housekeeper] DEBUG com.zaxxer.hikari.pool.HikariPool - HikariPool-1 - keepalive: connection com.mysql.cj.jdbc.ConnectionImpl@12059b80 is alive
2026-03-21 18:16:57 [HikariPool-1:housekeeper] DEBUG com.zaxxer.hikari.pool.HikariPool - HikariPool-1 - keepalive: connection com.mysql.cj.jdbc.ConnectionImpl@4a9a210a is alive
2026-03-21 18:16:59 [JavaFX Application Thread] INFO  application.java.manager.LogManager - [備品一覧画面] ： [メニューに戻る]ボタン押下
2026-03-21 18:16:59 [JavaFX Application Thread] INFO  application.java.manager.LogManager - [備品管理システム メニュー画面] ： 初期化処理
2026-03-21 18:16:59 [JavaFX Application Thread] INFO  application.java.manager.LogManager - 画面展開 [setPage] ： 画面設定・表示処理 開始
2026-03-21 18:16:59 [JavaFX Application Thread] DEBUG application.java.manager.LogManager - Window切替 [setWindowFrame] : TRANSPARENT(透明枠・背景色透明)
2026-03-21 18:16:59 [JavaFX Application Thread] INFO  application.java.manager.LogManager - 画面展開 [setPage] : 備品管理システム メニュー画面
2026-03-21 18:17:00 [HikariPool-1:housekeeper] DEBUG com.zaxxer.hikari.pool.HikariPool - HikariPool-1 - keepalive: connection com.mysql.cj.jdbc.ConnectionImpl@17e958d4 is alive
2026-03-21 18:17:01 [HikariPool-1:housekeeper] DEBUG com.zaxxer.hikari.pool.HikariPool - HikariPool-1 - keepalive: connection com.mysql.cj.jdbc.ConnectionImpl@78b178fb is alive
2026-03-21 18:17:01 [HikariPool-1:housekeeper] DEBUG com.zaxxer.hikari.pool.HikariPool - HikariPool-1 - keepalive: connection com.mysql.cj.jdbc.ConnectionImpl@a00a5ef is alive
2026-03-21 18:17:01 [JavaFX Application Thread] DEBUG application.java.manager.LogManager - [SQL操作クラス] ： 非同期処理 スレッドプール解放
2026-03-21 18:17:01 [JavaFX Application Thread] INFO  com.zaxxer.hikari.HikariDataSource - HikariPool-1 - Shutdown initiated...
2026-03-21 18:17:01 [JavaFX Application Thread] DEBUG com.zaxxer.hikari.pool.HikariPool - HikariPool-1 - Before shutdown stats (total=20/20, idle=20/20, active=0, waiting=0)
2026-03-21 18:17:01 [HikariPool-1:connection-closer] DEBUG com.zaxxer.hikari.pool.PoolBase - HikariPool-1 - Closing connection com.mysql.cj.jdbc.ConnectionImpl@12059b80: (connection evicted)
2026-03-21 18:17:01 [HikariPool-1:connection-closer] DEBUG com.zaxxer.hikari.pool.PoolBase - HikariPool-1 - Closing connection com.mysql.cj.jdbc.ConnectionImpl@296f499a: (connection evicted)
2026-03-21 18:17:01 [HikariPool-1:connection-closer] DEBUG com.zaxxer.hikari.pool.PoolBase - HikariPool-1 - Closing connection com.mysql.cj.jdbc.ConnectionImpl@a00a5ef: (connection evicted)
2026-03-21 18:17:01 [HikariPool-1:connection-closer] DEBUG com.zaxxer.hikari.pool.PoolBase - HikariPool-1 - Closing connection com.mysql.cj.jdbc.ConnectionImpl@72c8b65d: (connection evicted)
2026-03-21 18:17:01 [HikariPool-1:connection-closer] DEBUG com.zaxxer.hikari.pool.PoolBase - HikariPool-1 - Closing connection com.mysql.cj.jdbc.ConnectionImpl@7dd5fd3: (connection evicted)
2026-03-21 18:17:01 [HikariPool-1:connection-closer] DEBUG com.zaxxer.hikari.pool.PoolBase - HikariPool-1 - Closing connection com.mysql.cj.jdbc.ConnectionImpl@69cc1b39: (connection evicted)
2026-03-21 18:17:01 [HikariPool-1:connection-closer] DEBUG com.zaxxer.hikari.pool.PoolBase - HikariPool-1 - Closing connection com.mysql.cj.jdbc.ConnectionImpl@61fda5b0: (connection evicted)
2026-03-21 18:17:01 [HikariPool-1:connection-closer] DEBUG com.zaxxer.hikari.pool.PoolBase - HikariPool-1 - Closing connection com.mysql.cj.jdbc.ConnectionImpl@3f902b3a: (connection evicted)
2026-03-21 18:17:01 [HikariPool-1:connection-closer] DEBUG com.zaxxer.hikari.pool.PoolBase - HikariPool-1 - Closing connection com.mysql.cj.jdbc.ConnectionImpl@25e8ae09: (connection evicted)
2026-03-21 18:17:01 [HikariPool-1:connection-closer] DEBUG com.zaxxer.hikari.pool.PoolBase - HikariPool-1 - Closing connection com.mysql.cj.jdbc.ConnectionImpl@4a9a210a: (connection evicted)
2026-03-21 18:17:01 [HikariPool-1:connection-closer] DEBUG com.zaxxer.hikari.pool.PoolBase - HikariPool-1 - Closing connection com.mysql.cj.jdbc.ConnectionImpl@212801b8: (connection evicted)
2026-03-21 18:17:01 [HikariPool-1:connection-closer] DEBUG com.zaxxer.hikari.pool.PoolBase - HikariPool-1 - Closing connection com.mysql.cj.jdbc.ConnectionImpl@263acb2b: (connection evicted)
2026-03-21 18:17:01 [HikariPool-1:connection-closer] DEBUG com.zaxxer.hikari.pool.PoolBase - HikariPool-1 - Closing connection com.mysql.cj.jdbc.ConnectionImpl@5d74375: (connection evicted)
2026-03-21 18:17:01 [HikariPool-1:connection-closer] DEBUG com.zaxxer.hikari.pool.PoolBase - HikariPool-1 - Closing connection com.mysql.cj.jdbc.ConnectionImpl@51acf4a9: (connection evicted)
2026-03-21 18:17:01 [HikariPool-1:connection-closer] DEBUG com.zaxxer.hikari.pool.PoolBase - HikariPool-1 - Closing connection com.mysql.cj.jdbc.ConnectionImpl@17e958d4: (connection evicted)
2026-03-21 18:17:01 [HikariPool-1:connection-closer] DEBUG com.zaxxer.hikari.pool.PoolBase - HikariPool-1 - Closing connection com.mysql.cj.jdbc.ConnectionImpl@78b178fb: (connection evicted)
2026-03-21 18:17:01 [HikariPool-1:connection-closer] DEBUG com.zaxxer.hikari.pool.PoolBase - HikariPool-1 - Closing connection com.mysql.cj.jdbc.ConnectionImpl@5e70ca5a: (connection evicted)
2026-03-21 18:17:01 [HikariPool-1:connection-closer] DEBUG com.zaxxer.hikari.pool.PoolBase - HikariPool-1 - Closing connection com.mysql.cj.jdbc.ConnectionImpl@15e20800: (connection evicted)
2026-03-21 18:17:01 [HikariPool-1:connection-closer] DEBUG com.zaxxer.hikari.pool.PoolBase - HikariPool-1 - Closing connection com.mysql.cj.jdbc.ConnectionImpl@5e61f594: (connection evicted)
2026-03-21 18:17:01 [HikariPool-1:connection-closer] DEBUG com.zaxxer.hikari.pool.PoolBase - HikariPool-1 - Closing connection com.mysql.cj.jdbc.ConnectionImpl@3edcdf4: (connection evicted)
2026-03-21 18:17:01 [JavaFX Application Thread] DEBUG com.zaxxer.hikari.pool.HikariPool - HikariPool-1 - After  shutdown stats (total=0/20, idle=0/20, active=0, waiting=0)
2026-03-21 18:17:01 [JavaFX Application Thread] INFO  com.zaxxer.hikari.HikariDataSource - HikariPool-1 - Shutdown completed.
2026-03-21 18:17:01 [JavaFX Application Thread] DEBUG application.java.manager.LogManager - [SQL操作クラス] ： コネクションプール(HikariCP) Closeing
2026-03-21 18:17:01 [JavaFX Application Thread] INFO  application.java.manager.LogManager - 終了処理 : 完了
